$ bash scripts/e2e.sh e2e/appleAuth.spec.ts e2e/design.spec.ts --grep 'Apple welcome|linking Apple|lost finalize|cancelled link|Apple front door and sign-in methods'
stack: ergomatic-17458 (web :8358, pg :15358)
time="2026-09-13T02:29:26-04:00" level=warning msg="The \"CLOUDFLARE_TUNNEL_TOKEN\" variable is not set. Defaulting to a blank string."
 Image ergomatic-17458-api Building 
 Image ergomatic-17458-web Building 
#1 [internal] load local bake definitions
#1 reading from stdin 1.33kB done
#1 DONE 0.0s

#2 [api internal] load build definition from Dockerfile
#2 transferring dockerfile: 1.96kB done
#2 DONE 0.0s

#3 [web internal] load metadata for docker.io/nginxinc/nginx-unprivileged:1.30.4-alpine
#3 DONE 0.0s

#4 [api internal] load metadata for docker.io/library/node:26.5.0-slim
#4 DONE 0.0s

#5 [api internal] load .dockerignore
#5 transferring context: 86B done
#5 DONE 0.0s

#6 [web build 1/8] FROM docker.io/library/node:26.5.0-slim@sha256:715e55e4b84e4bb0ff48e49b398a848f08e55daed8eb6a0ea1839ae53bc57583
#6 resolve docker.io/library/node:26.5.0-slim@sha256:715e55e4b84e4bb0ff48e49b398a848f08e55daed8eb6a0ea1839ae53bc57583 done
#6 DONE 0.0s

#7 [web web 1/3] FROM docker.io/nginxinc/nginx-unprivileged:1.30.4-alpine@sha256:44e36330f74d4f3a1d4e222acca9e23b401fb87811a7597024502bb759c4dd49
#7 resolve docker.io/nginxinc/nginx-unprivileged:1.30.4-alpine@sha256:44e36330f74d4f3a1d4e222acca9e23b401fb87811a7597024502bb759c4dd49 done
#7 DONE 0.0s

#8 [web internal] load build context
#8 transferring context: 20.16MB 0.2s done
#8 DONE 0.2s

#9 [web build 2/8] RUN npm install -g pnpm@11.17.0
#9 CACHED

#10 [web build 3/8] WORKDIR /app
#10 CACHED

#11 [api build 4/8] COPY package.json pnpm-lock.yaml pnpm-workspace.yaml ./
#11 DONE 0.0s

#12 [web build 5/8] COPY patches ./patches
#12 DONE 0.0s

#13 [web build 6/8] RUN pnpm install --frozen-lockfile
#13 0.398 ? Verifying lockfile against supply-chain policies (842 entries)...
#13 0.421 Lockfile is up to date, resolution step is skipped
#13 0.459 Progress: resolved 1, reused 0, downloaded 0, added 0
#13 0.512 Packages: +745
#13 0.512 ++++++++++++++++++++++++++++++++++++++++++++++++++++++++++++++++++++++++++++++++
#13 0.722 
#13 0.722    ╭─────────────────────────────────────────╮
#13 0.722    │                                         │
#13 0.722    │   Update available! 11.17.0 → 12.4.1.   │
#13 0.722    │   Changelog: https://pnpm.io/v/12.4.1   │
#13 0.722    │    To update, run: pnpm add -g pnpm     │
#13 0.722    │                                         │
#13 0.722    ╰─────────────────────────────────────────╯
#13 0.722 
#13 1.462 Progress: resolved 745, reused 0, downloaded 197, added 191
#13 2.462 Progress: resolved 745, reused 0, downloaded 414, added 414
#13 3.463 Progress: resolved 745, reused 0, downloaded 579, added 579
#13 4.473 Progress: resolved 745, reused 0, downloaded 739, added 739
#13 5.373 ✓ Lockfile passes supply-chain policies (842 entries in 4.9s)
#13 5.473 Progress: resolved 745, reused 0, downloaded 744, added 744
#13 5.680 Progress: resolved 745, reused 0, downloaded 745, added 745, done
#13 ...

#14 [api api 6/8] RUN pnpm install --frozen-lockfile --prod
#14 0.401 ? Verifying lockfile against supply-chain policies (842 entries)...
#14 0.421 Lockfile is up to date, resolution step is skipped
#14 0.435 Progress: resolved 1, reused 0, downloaded 0, added 0
#14 0.443 Packages: +115
#14 0.443 ++++++++++++++++++++++++++++++++++++++++++++++++++++++++++++++++++++++++++++++++
#14 0.681 
#14 0.681    ╭─────────────────────────────────────────╮
#14 0.681    │                                         │
#14 0.681    │   Update available! 11.17.0 → 12.4.1.   │
#14 0.681    │   Changelog: https://pnpm.io/v/12.4.1   │
#14 0.681    │    To update, run: pnpm add -g pnpm     │
#14 0.681    │                                         │
#14 0.681    ╰─────────────────────────────────────────╯
#14 0.681 
#14 1.436 Progress: resolved 115, reused 0, downloaded 114, added 114
#14 1.572 Progress: resolved 115, reused 0, downloaded 115, added 115, done
#14 5.445 ✓ Lockfile passes supply-chain policies (842 entries in 5s)
#14 5.522 
#14 5.522 dependencies:
#14 5.522 + @aparajita/capacitor-secure-storage 8.0.0
#14 5.522 + @capacitor-community/bluetooth-le 8.3.0
#14 5.522 + @capacitor-community/keep-awake 8.0.1
#14 5.522 + @capacitor/app 8.1.1
#14 5.522 + @capacitor/core 8.5.1
#14 5.522 + @capacitor/haptics 8.0.2
#14 5.522 + @capacitor/keyboard 8.0.5
#14 5.522 + @capgo/capacitor-nfc 8.2.5
#14 5.522 + @capgo/capacitor-social-login 8.5.5
#14 5.522 + @fontsource/archivo 5.3.0
#14 5.522 + @fontsource/ibm-plex-mono 5.3.0
#14 5.522 + @fontsource/newsreader 5.3.0
#14 5.522 + cookie 2.0.1
#14 5.522 + drizzle-orm 0.45.2
#14 5.522 + express 5.2.1
#14 5.522 + express-rate-limit 8.7.0
#14 5.522 + jose 6.2.12
#14 5.522 + openid-client 6.8.7
#14 5.522 + pg 8.23.0
#14 5.522 + react 19.2.8
#14 5.522 + react-dom 19.2.8
#14 5.522 + react-router-dom 7.18.3
#14 5.522 
#14 5.522 devDependencies: skipped
#14 5.522 
#14 5.536 Done in 5.4s using pnpm v11.17.0
#14 DONE 5.8s

#13 [web build 6/8] RUN pnpm install --frozen-lockfile
#13 5.862 .../esbuild@0.25.12/node_modules/esbuild postinstall$ node install.js
#13 5.862 .../esbuild@0.28.2/node_modules/esbuild postinstall$ node install.js
#13 5.871 .../esbuild@0.18.20/node_modules/esbuild postinstall$ node install.js
#13 5.886 .../esbuild@0.25.12/node_modules/esbuild postinstall: Done
#13 5.888 .../esbuild@0.28.2/node_modules/esbuild postinstall: Done
#13 5.891 .../esbuild@0.18.20/node_modules/esbuild postinstall: Done
#13 5.943 
#13 5.943 dependencies:
#13 5.943 + @aparajita/capacitor-secure-storage 8.0.0
#13 5.943 + @capacitor-community/bluetooth-le 8.3.0
#13 5.943 + @capacitor-community/keep-awake 8.0.1
#13 5.943 + @capacitor/app 8.1.1
#13 5.943 + @capacitor/core 8.5.1
#13 5.943 + @capacitor/haptics 8.0.2
#13 5.943 + @capacitor/keyboard 8.0.5
#13 5.943 + @capgo/capacitor-nfc 8.2.5
#13 5.943 + @capgo/capacitor-social-login 8.5.5
#13 5.943 + @fontsource/archivo 5.3.0
#13 5.943 + @fontsource/ibm-plex-mono 5.3.0
#13 5.943 + @fontsource/newsreader 5.3.0
#13 5.943 + cookie 2.0.1
#13 5.943 + drizzle-orm 0.45.2
#13 5.943 + express 5.2.1
#13 5.943 + express-rate-limit 8.7.0
#13 5.943 + jose 6.2.12
#13 5.943 + openid-client 6.8.7
#13 5.943 + pg 8.23.0
#13 5.943 + react 19.2.8
#13 5.943 + react-dom 19.2.8
#13 5.943 + react-router-dom 7.18.3
#13 5.943 
#13 5.943 devDependencies:
#13 5.943 + @axe-core/playwright 4.13.0
#13 5.943 + @capacitor/cli 8.5.1
#13 5.943 + @capacitor/ios 8.5.1
#13 5.943 + @eslint/js 10.0.1
#13 5.943 + @playwright/test 1.62.1
#13 5.943 + @stryker-mutator/core 10.0.0
#13 5.943 + @stryker-mutator/vitest-runner 10.0.0
#13 5.943 + @testcontainers/postgresql 12.1.0
#13 5.943 + @testing-library/jest-dom 7.0.1
#13 5.943 + @testing-library/react 16.3.3
#13 5.943 + @testing-library/user-event 14.6.7
#13 5.943 + @types/express 5.0.6
#13 5.943 + @types/express-serve-static-core 5.1.3
#13 5.943 + @types/node 26.4.1
#13 5.943 + @types/pg 8.23.1
#13 5.943 + @types/react 19.2.18
#13 5.943 + @types/react-dom 19.2.7
#13 5.943 + @types/supertest 7.2.1
#13 5.943 + @vitejs/plugin-react 6.1.1
#13 5.943 + @vitest/coverage-v8 4.1.11
#13 5.943 + @vitest/eslint-plugin 1.6.27
#13 5.943 + drizzle-kit 0.31.10
#13 5.943 + eslint 10.10.0
#13 5.943 + eslint-config-prettier 10.1.8
#13 5.943 + eslint-plugin-react-hooks 7.1.1
#13 5.943 + eslint-plugin-react-refresh 0.5.6
#13 5.943 + globals 17.12.0
#13 5.943 + jsdom 30.0.1
#13 5.943 + prettier 3.9.6
#13 5.943 + supertest 7.2.2
#13 5.943 + tsx 4.23.13
#13 5.943 + typescript 6.0.3
#13 5.943 + typescript-eslint 8.69.0
#13 5.943 + vite 8.2.2
#13 5.943 + vitest 4.1.11
#13 5.943 
#13 5.965 Done in 5.8s using pnpm v11.17.0
#13 DONE 6.0s

#15 [web build 7/8] COPY . .
#15 DONE 0.2s

#16 [web build 8/8] RUN pnpm build
#16 0.269 $ tsc -b && vite build && tsc -p tsconfig.server.build.json
#16 5.616 vite v8.2.2 building client environment for production...
#16 5.621 transforming...
#16 5.668 ✓ 341 modules transformed.
#16 5.699 rendering chunks...
#16 5.760 computing gzip size...
#16 5.766 dist/client/index.html                                                     0.56 kB │ gzip:   0.33 kB
#16 5.766 dist/client/assets/archivo-vietnamese-600-normal-anCjMumA.woff2            5.19 kB
#16 5.766 dist/client/assets/newsreader-vietnamese-500-normal-CL6a8tp2.woff2         5.43 kB
#16 5.766 dist/client/assets/ibm-plex-mono-vietnamese-500-normal-C8zxqsMH.woff       5.61 kB
#16 5.766 dist/client/assets/ibm-plex-mono-vietnamese-400-normal-DDuiU_S-.woff       5.62 kB
#16 5.766 dist/client/assets/archivo-vietnamese-500-normal-k0drYPZA.woff2            5.65 kB
#16 5.766 dist/client/assets/archivo-vietnamese-400-normal-BF4g3tCF.woff2            5.67 kB
#16 5.766 dist/client/assets/ibm-plex-mono-vietnamese-600-normal-iLQfcSjf.woff       5.71 kB
#16 5.766 dist/client/assets/ibm-plex-mono-cyrillic-ext-500-normal-BIfNGwUT.woff     5.77 kB
#16 5.766 dist/client/assets/ibm-plex-mono-cyrillic-ext-600-normal-9HEixskS.woff     5.79 kB
#16 5.766 dist/client/assets/ibm-plex-mono-cyrillic-ext-400-normal-DMdlQ8Kv.woff     5.82 kB
#16 5.766 dist/client/assets/ibm-plex-mono-vietnamese-400-normal-BulugwFq.woff2      5.86 kB
#16 5.766 dist/client/assets/ibm-plex-mono-vietnamese-500-normal-DZ4AoWbu.woff2      6.04 kB
#16 5.766 dist/client/assets/ibm-plex-mono-cyrillic-ext-400-normal-xuaO2J-f.woff2    6.91 kB
#16 5.766 dist/client/assets/ibm-plex-mono-vietnamese-600-normal-D2EvbN8M.woff2      6.93 kB
#16 5.766 dist/client/assets/ibm-plex-mono-cyrillic-ext-500-normal-BqneJy0T.woff2    6.97 kB
#16 5.766 dist/client/assets/newsreader-vietnamese-500-normal-BEAbKU8A.woff          7.03 kB
#16 5.766 dist/client/assets/ibm-plex-mono-cyrillic-400-normal-CEL4l2ZJ.woff         7.20 kB
#16 5.766 dist/client/assets/ibm-plex-mono-cyrillic-500-normal-Ael50iVv.woff         7.20 kB
#16 5.766 dist/client/assets/ibm-plex-mono-cyrillic-600-normal-fLZuRloM.woff         7.26 kB
#16 5.766 dist/client/assets/archivo-vietnamese-600-normal-C8xBVdfP.woff             7.38 kB
#16 5.766 dist/client/assets/archivo-vietnamese-500-normal-7W3lD2kQ.woff             7.66 kB
#16 5.766 dist/client/assets/archivo-vietnamese-400-normal-FGOLYM1a.woff             7.68 kB
#16 5.766 dist/client/assets/ibm-plex-mono-cyrillic-ext-600-normal-V-xxqcpd.woff2    7.69 kB
#16 5.766 dist/client/assets/ibm-plex-mono-cyrillic-400-normal-BSMlKf0J.woff2        8.35 kB
#16 5.766 dist/client/assets/ibm-plex-mono-cyrillic-500-normal-Bq9vWWag.woff2        8.46 kB
#16 5.766 dist/client/assets/ibm-plex-mono-cyrillic-600-normal-CTOM6hUh.woff2        9.35 kB
#16 5.766 dist/client/assets/ibm-plex-mono-latin-ext-400-normal-D3D2R8hC.woff       11.76 kB
#16 5.766 dist/client/assets/ibm-plex-mono-latin-ext-500-normal-CZ70TYgx.woff       11.76 kB
#16 5.766 dist/client/assets/ibm-plex-mono-latin-ext-600-normal-DmB0ttJJ.woff       11.83 kB
#16 5.766 dist/client/assets/archivo-latin-ext-600-normal-Dm61iqcg.woff2            12.38 kB
#16 5.766 dist/client/assets/archivo-latin-ext-400-normal-B5tPZzqW.woff2            12.92 kB
#16 5.766 dist/client/assets/ibm-plex-mono-latin-400-normal-CvHOgSBP.woff           13.14 kB
#16 5.766 dist/client/assets/ibm-plex-mono-latin-500-normal-CB9ihrfo.woff           13.15 kB
#16 5.766 dist/client/assets/archivo-latin-ext-500-normal-RFhg4CpD.woff2            13.16 kB
#16 5.766 dist/client/assets/ibm-plex-mono-latin-600-normal-DWFSQ4vo.woff           13.20 kB
#16 5.766 dist/client/assets/ibm-plex-mono-latin-ext-400-normal-BmRBH3aV.woff2      13.34 kB
#16 5.766 dist/client/assets/ibm-plex-mono-latin-ext-500-normal-CAhNIIs5.woff2      13.43 kB
#16 5.766 dist/client/assets/archivo-latin-600-normal-3BBy0ZsW.woff2                13.82 kB
#16 5.766 dist/client/assets/ibm-plex-mono-latin-ext-600-normal-D38SheWl.woff2      14.32 kB
#16 5.766 dist/client/assets/archivo-latin-500-normal-CGugC8dq.woff2                14.60 kB
#16 5.766 dist/client/assets/archivo-latin-400-normal-C81ewxNO.woff2                14.70 kB
#16 5.766 dist/client/assets/ibm-plex-mono-latin-400-normal-DMJ8VG8y.woff2          14.70 kB
#16 5.766 dist/client/assets/ibm-plex-mono-latin-500-normal-DSY6xOcd.woff2          14.88 kB
#16 5.766 dist/client/assets/newsreader-latin-ext-500-normal-BNHmvKvI.woff2         15.06 kB
#16 5.766 dist/client/assets/ibm-plex-mono-latin-600-normal-BgSNZQsw.woff2          15.62 kB
#16 5.766 dist/client/assets/archivo-latin-ext-600-normal-D7uErJuz.woff             17.72 kB
#16 5.766 dist/client/assets/archivo-latin-ext-400-normal-DrmqtLj6.woff             17.98 kB
#16 5.766 dist/client/assets/archivo-latin-600-normal-DwYieO8P.woff                 18.20 kB
#16 5.766 dist/client/assets/archivo-latin-ext-500-normal-D7mXw3Kz.woff             18.29 kB
#16 5.766 dist/client/assets/archivo-latin-400-normal-Bl602Mgc.woff                 18.97 kB
#16 5.766 dist/client/assets/archivo-latin-500-normal-pkzA7jw9.woff                 18.98 kB
#16 5.766 dist/client/assets/newsreader-latin-ext-500-normal-CZruMFou.woff          19.29 kB
#16 5.766 dist/client/assets/newsreader-latin-500-normal-B66TYsaK.woff2             23.62 kB
#16 5.766 dist/client/assets/newsreader-latin-500-normal-DFwuUcdu.woff              29.63 kB
#16 5.766 dist/client/assets/index-NeajD2YL.css                                    119.83 kB │ gzip:  17.95 kB
#16 5.766 dist/client/assets/webAuth-Ch6J0S-C.js                                     0.07 kB │ gzip:   0.08 kB
#16 5.766 dist/client/assets/appleAuth-C-55XkHU.js                                   0.08 kB │ gzip:   0.09 kB
#16 5.766 dist/client/assets/appSettings-Cgb9TjqM.js                                 0.11 kB │ gzip:   0.11 kB
#16 5.766 dist/client/assets/keepAwake-BMrDQTxh.js                                   0.45 kB │ gzip:   0.29 kB
#16 5.766 dist/client/assets/appLifecycle-CMMg03e8.js                                0.52 kB │ gzip:   0.33 kB
#16 5.766 dist/client/assets/keyboard-Cx1VmE8N.js                                    0.57 kB │ gzip:   0.37 kB
#16 5.766 dist/client/assets/haptics-4-8kzNqy.js                                     0.59 kB │ gzip:   0.39 kB
#16 5.766 dist/client/assets/native-Bgy5Te_2.js                                      0.72 kB │ gzip:   0.33 kB
#16 5.766 dist/client/assets/web-BDAKThaG.js                                         0.76 kB │ gzip:   0.38 kB
#16 5.766 dist/client/assets/web-szr0shcW.js                                         0.77 kB │ gzip:   0.35 kB
#16 5.766 dist/client/assets/nfcBridge-BxkFL8oB.js                                   0.79 kB │ gzip:   0.37 kB
#16 5.766 dist/client/assets/web-B9dskbiE.js                                         0.84 kB │ gzip:   0.40 kB
#16 5.766 dist/client/assets/web-D8IuJnlG.js                                         0.92 kB │ gzip:   0.47 kB
#16 5.766 dist/client/assets/web-DbKzwR46.js                                         1.15 kB │ gzip:   0.46 kB
#16 5.766 dist/client/assets/scriptedNfcReader-DkFrr1w6.js                           1.20 kB │ gzip:   0.66 kB
#16 5.766 dist/client/assets/session-D6YzfCp7.js                                     1.39 kB │ gzip:   0.62 kB
#16 5.766 dist/client/assets/holdOpen-Cib4LPYk.js                                    1.82 kB │ gzip:   0.86 kB
#16 5.766 dist/client/assets/JustRowObserver-uGDNQVYx.js                             2.30 kB │ gzip:   0.94 kB
#16 5.766 dist/client/assets/nfc-DLubrSli.js                                         2.37 kB │ gzip:   1.08 kB
#16 5.766 dist/client/assets/recording-D39LW-fT.js                                   2.39 kB │ gzip:   1.14 kB
#16 5.766 dist/client/assets/base-c0ePVABQ.js                                        2.53 kB │ gzip:   0.92 kB
#16 5.766 dist/client/assets/capacitorBle-D0ndNNmj.js                                6.67 kB │ gzip:   2.64 kB
#16 5.766 dist/client/assets/web-CHebBdrW.js                                         7.67 kB │ gzip:   2.24 kB
#16 5.766 dist/client/assets/dist-Dhrj-3P3.js                                        7.75 kB │ gzip:   3.09 kB
#16 5.766 dist/client/assets/esm-BSYuWF12.js                                         8.63 kB │ gzip:   2.42 kB
#16 5.766 dist/client/assets/web-DHCZzCh8.js                                        13.30 kB │ gzip:   3.94 kB
#16 5.766 dist/client/assets/fake-CV5Eydd8.js                                       14.75 kB │ gzip:   5.09 kB
#16 5.766 dist/client/assets/signin-DaJPzAna.js                                     45.90 kB │ gzip:  11.70 kB
#16 5.766 dist/client/assets/index-DaeoTSmZ.js                                     739.43 kB │ gzip: 223.44 kB
#16 5.766 
#16 5.766 [plugin builtin:vite-reporter] 
#16 5.766 (!) Some chunks are larger than 500 kB after minification. Consider:
#16 5.766 - Using dynamic import() to code-split the application
#16 5.766 - Use build.rolldownOptions.output.codeSplitting to improve chunking: https://rolldown.rs/reference/OutputOptions.codeSplitting
#16 5.766 - Adjust chunk size limit for this warning via build.chunkSizeWarningLimit.
#16 5.766 ✓ built in 149ms
#16 DONE 7.1s

#17 [api build 8/8] RUN pnpm build
#17 0.271 $ tsc -b && vite build && tsc -p tsconfig.server.build.json
#17 5.591 vite v8.2.2 building client environment for production...
#17 5.595 transforming...
#17 5.645 ✓ 335 modules transformed.
#17 5.684 rendering chunks...
#17 5.738 computing gzip size...
#17 5.744 dist/client/index.html                                                     0.56 kB │ gzip:   0.33 kB
#17 5.744 dist/client/assets/archivo-vietnamese-600-normal-anCjMumA.woff2            5.19 kB
#17 5.744 dist/client/assets/newsreader-vietnamese-500-normal-CL6a8tp2.woff2         5.43 kB
#17 5.744 dist/client/assets/ibm-plex-mono-vietnamese-500-normal-C8zxqsMH.woff       5.61 kB
#17 5.744 dist/client/assets/ibm-plex-mono-vietnamese-400-normal-DDuiU_S-.woff       5.62 kB
#17 5.744 dist/client/assets/archivo-vietnamese-500-normal-k0drYPZA.woff2            5.65 kB
#17 5.744 dist/client/assets/archivo-vietnamese-400-normal-BF4g3tCF.woff2            5.67 kB
#17 5.744 dist/client/assets/ibm-plex-mono-vietnamese-600-normal-iLQfcSjf.woff       5.71 kB
#17 5.744 dist/client/assets/ibm-plex-mono-cyrillic-ext-500-normal-BIfNGwUT.woff     5.77 kB
#17 5.744 dist/client/assets/ibm-plex-mono-cyrillic-ext-600-normal-9HEixskS.woff     5.79 kB
#17 5.744 dist/client/assets/ibm-plex-mono-cyrillic-ext-400-normal-DMdlQ8Kv.woff     5.82 kB
#17 5.744 dist/client/assets/ibm-plex-mono-vietnamese-400-normal-BulugwFq.woff2      5.86 kB
#17 5.744 dist/client/assets/ibm-plex-mono-vietnamese-500-normal-DZ4AoWbu.woff2      6.04 kB
#17 5.744 dist/client/assets/ibm-plex-mono-cyrillic-ext-400-normal-xuaO2J-f.woff2    6.91 kB
#17 5.744 dist/client/assets/ibm-plex-mono-vietnamese-600-normal-D2EvbN8M.woff2      6.93 kB
#17 5.744 dist/client/assets/ibm-plex-mono-cyrillic-ext-500-normal-BqneJy0T.woff2    6.97 kB
#17 5.744 dist/client/assets/newsreader-vietnamese-500-normal-BEAbKU8A.woff          7.03 kB
#17 5.744 dist/client/assets/ibm-plex-mono-cyrillic-400-normal-CEL4l2ZJ.woff         7.20 kB
#17 5.744 dist/client/assets/ibm-plex-mono-cyrillic-500-normal-Ael50iVv.woff         7.20 kB
#17 5.744 dist/client/assets/ibm-plex-mono-cyrillic-600-normal-fLZuRloM.woff         7.26 kB
#17 5.744 dist/client/assets/archivo-vietnamese-600-normal-C8xBVdfP.woff             7.38 kB
#17 5.744 dist/client/assets/archivo-vietnamese-500-normal-7W3lD2kQ.woff             7.66 kB
#17 5.744 dist/client/assets/archivo-vietnamese-400-normal-FGOLYM1a.woff             7.68 kB
#17 5.744 dist/client/assets/ibm-plex-mono-cyrillic-ext-600-normal-V-xxqcpd.woff2    7.69 kB
#17 5.744 dist/client/assets/ibm-plex-mono-cyrillic-400-normal-BSMlKf0J.woff2        8.35 kB
#17 5.744 dist/client/assets/ibm-plex-mono-cyrillic-500-normal-Bq9vWWag.woff2        8.46 kB
#17 5.744 dist/client/assets/ibm-plex-mono-cyrillic-600-normal-CTOM6hUh.woff2        9.35 kB
#17 5.744 dist/client/assets/ibm-plex-mono-latin-ext-400-normal-D3D2R8hC.woff       11.76 kB
#17 5.744 dist/client/assets/ibm-plex-mono-latin-ext-500-normal-CZ70TYgx.woff       11.76 kB
#17 5.744 dist/client/assets/ibm-plex-mono-latin-ext-600-normal-DmB0ttJJ.woff       11.83 kB
#17 5.744 dist/client/assets/archivo-latin-ext-600-normal-Dm61iqcg.woff2            12.38 kB
#17 5.744 dist/client/assets/archivo-latin-ext-400-normal-B5tPZzqW.woff2            12.92 kB
#17 5.744 dist/client/assets/ibm-plex-mono-latin-400-normal-CvHOgSBP.woff           13.14 kB
#17 5.744 dist/client/assets/ibm-plex-mono-latin-500-normal-CB9ihrfo.woff           13.15 kB
#17 5.744 dist/client/assets/archivo-latin-ext-500-normal-RFhg4CpD.woff2            13.16 kB
#17 5.744 dist/client/assets/ibm-plex-mono-latin-600-normal-DWFSQ4vo.woff           13.20 kB
#17 5.744 dist/client/assets/ibm-plex-mono-latin-ext-400-normal-BmRBH3aV.woff2      13.34 kB
#17 5.744 dist/client/assets/ibm-plex-mono-latin-ext-500-normal-CAhNIIs5.woff2      13.43 kB
#17 5.744 dist/client/assets/archivo-latin-600-normal-3BBy0ZsW.woff2                13.82 kB
#17 5.744 dist/client/assets/ibm-plex-mono-latin-ext-600-normal-D38SheWl.woff2      14.32 kB
#17 5.744 dist/client/assets/archivo-latin-500-normal-CGugC8dq.woff2                14.60 kB
#17 5.744 dist/client/assets/archivo-latin-400-normal-C81ewxNO.woff2                14.70 kB
#17 5.744 dist/client/assets/ibm-plex-mono-latin-400-normal-DMJ8VG8y.woff2          14.70 kB
#17 5.744 dist/client/assets/ibm-plex-mono-latin-500-normal-DSY6xOcd.woff2          14.88 kB
#17 5.744 dist/client/assets/newsreader-latin-ext-500-normal-BNHmvKvI.woff2         15.06 kB
#17 5.744 dist/client/assets/ibm-plex-mono-latin-600-normal-BgSNZQsw.woff2          15.62 kB
#17 5.744 dist/client/assets/archivo-latin-ext-600-normal-D7uErJuz.woff             17.72 kB
#17 5.744 dist/client/assets/archivo-latin-ext-400-normal-DrmqtLj6.woff             17.98 kB
#17 5.744 dist/client/assets/archivo-latin-600-normal-DwYieO8P.woff                 18.20 kB
#17 5.744 dist/client/assets/archivo-latin-ext-500-normal-D7mXw3Kz.woff             18.29 kB
#17 5.744 dist/client/assets/archivo-latin-400-normal-Bl602Mgc.woff                 18.97 kB
#17 5.744 dist/client/assets/archivo-latin-500-normal-pkzA7jw9.woff                 18.98 kB
#17 5.744 dist/client/assets/newsreader-latin-ext-500-normal-CZruMFou.woff          19.29 kB
#17 5.744 dist/client/assets/newsreader-latin-500-normal-B66TYsaK.woff2             23.62 kB
#17 5.744 dist/client/assets/newsreader-latin-500-normal-DFwuUcdu.woff              29.63 kB
#17 5.744 dist/client/assets/index-NeajD2YL.css                                    119.83 kB │ gzip:  17.95 kB
#17 5.744 dist/client/assets/webAuth-Ch6J0S-C.js                                     0.07 kB │ gzip:   0.08 kB
#17 5.744 dist/client/assets/appleAuth-C-55XkHU.js                                   0.08 kB │ gzip:   0.09 kB
#17 5.744 dist/client/assets/appSettings-BzSsEjTk.js                                 0.11 kB │ gzip:   0.11 kB
#17 5.744 dist/client/assets/keepAwake-a9qSJEBZ.js                                   0.45 kB │ gzip:   0.29 kB
#17 5.744 dist/client/assets/appLifecycle-CauteCGB.js                                0.52 kB │ gzip:   0.34 kB
#17 5.744 dist/client/assets/keyboard-Cx1VmE8N.js                                    0.57 kB │ gzip:   0.37 kB
#17 5.744 dist/client/assets/haptics-fiwEg8xQ.js                                     0.59 kB │ gzip:   0.39 kB
#17 5.744 dist/client/assets/native-BUWqcb5a.js                                      0.72 kB │ gzip:   0.33 kB
#17 5.744 dist/client/assets/web-LwJT7JL3.js                                         0.76 kB │ gzip:   0.38 kB
#17 5.744 dist/client/assets/web-szr0shcW.js                                         0.77 kB │ gzip:   0.35 kB
#17 5.744 dist/client/assets/web-B9dskbiE.js                                         0.84 kB │ gzip:   0.40 kB
#17 5.744 dist/client/assets/web-BaPbpaPh.js                                         0.92 kB │ gzip:   0.46 kB
#17 5.744 dist/client/assets/web-DbKzwR46.js                                         1.15 kB │ gzip:   0.46 kB
#17 5.744 dist/client/assets/session-DWANdAg8.js                                     1.39 kB │ gzip:   0.62 kB
#17 5.744 dist/client/assets/base-BZrsY4BR.js                                        2.53 kB │ gzip:   0.92 kB
#17 5.744 dist/client/assets/nfc-DdNqnhcN.js                                         3.11 kB │ gzip:   1.31 kB
#17 5.744 dist/client/assets/capacitorBle-B1q2nPyD.js                                6.67 kB │ gzip:   2.63 kB
#17 5.744 dist/client/assets/web-BPJ9-knX.js                                         7.67 kB │ gzip:   2.24 kB
#17 5.744 dist/client/assets/dist-Dhrj-3P3.js                                        7.75 kB │ gzip:   3.09 kB
#17 5.744 dist/client/assets/esm-DDr1MVpf.js                                         8.63 kB │ gzip:   2.42 kB
#17 5.744 dist/client/assets/web-CbKRL1B6.js                                        13.30 kB │ gzip:   3.94 kB
#17 5.744 dist/client/assets/signin-vEuei5IF.js                                     45.90 kB │ gzip:  11.70 kB
#17 5.744 dist/client/assets/index-DGJCczes.js                                     736.72 kB │ gzip: 222.46 kB
#17 5.744 
#17 5.744 [plugin builtin:vite-reporter] 
#17 5.744 (!) Some chunks are larger than 500 kB after minification. Consider:
#17 5.744 - Using dynamic import() to code-split the application
#17 5.744 - Use build.rolldownOptions.output.codeSplitting to improve chunking: https://rolldown.rs/reference/OutputOptions.codeSplitting
#17 5.744 - Adjust chunk size limit for this warning via build.chunkSizeWarningLimit.
#17 5.745 ✓ built in 154ms
#17 DONE 7.1s

#18 [web web 2/3] COPY nginx.conf /etc/nginx/conf.d/default.conf
#18 CACHED

#19 [web web 3/3] COPY --from=build /app/dist/client /usr/share/nginx/html
#19 CACHED

#20 [api api 7/8] COPY --from=build /app/dist/server ./dist/server
#20 DONE 0.1s

#21 [web] exporting to image
#21 exporting layers done
#21 exporting manifest sha256:2af2d4bd65c9e6478bcba48085ba3da837b6746bd902d66d2a61dc7965dde082 done
#21 exporting config sha256:6690f0330936b0c839b617f769ef7bfd8a687212138e95caa34ce0c07f2ff44d 0.0s done
#21 exporting attestation manifest sha256:dd8c15eaafe18c0657e8f8784b8e76cab21eaee97f2e2394de9ebbfbb7585e6e done
#21 exporting manifest list sha256:84b1688383a075fe8a38b468bc691c9f60ec38315ec3ad8d79faf4c0e56e7e43 done
#21 naming to docker.io/library/ergomatic-17458-web:latest done
#21 unpacking to docker.io/library/ergomatic-17458-web:latest done
#21 DONE 0.1s

#22 [web] resolving provenance for metadata file
#22 DONE 0.0s

#23 [api api 8/8] COPY --from=build /app/drizzle ./drizzle
#23 DONE 0.0s

#24 [api] exporting to image
#24 exporting layers 2.2s done
#24 exporting manifest sha256:c7c6798b8c9131741f8160fc4f9842e77837937b1b059b1baeedf011cf8683eb
#24 exporting manifest sha256:c7c6798b8c9131741f8160fc4f9842e77837937b1b059b1baeedf011cf8683eb done
#24 exporting config sha256:8e8a0b698225e4c62f4dab1acd837d00f94b4569b740c338b974424d148e60a3 done
#24 exporting attestation manifest sha256:ae4d8059de0e0058c59dc66620a8cd25e248c4224f106959f7815771998a66b6 done
#24 exporting manifest list sha256:8a55b5f66e62c7733ae9706d9eccf5376119ce083ea76b061893c925c7d05814 done
#24 naming to docker.io/library/ergomatic-17458-api:latest done
#24 unpacking to docker.io/library/ergomatic-17458-api:latest
#24 unpacking to docker.io/library/ergomatic-17458-api:latest 0.9s done
#24 DONE 3.1s

#25 [api] resolving provenance for metadata file
#25 DONE 0.0s
 Image ergomatic-17458-api Built 
 Image ergomatic-17458-web Built 
 Network ergomatic-17458_default Creating 
 Network ergomatic-17458_default Created 
 Volume ergomatic-17458_pgdata Creating 
 Volume ergomatic-17458_pgdata Created 
 Container ergomatic-17458-postgres Creating 
 Container ergomatic-17458-postgres Created 
 Container ergomatic-17458-api Creating 
 Container ergomatic-17458-api Created 
 Container ergomatic-17458-web Creating 
 Container ergomatic-17458-web Created 
 Container ergomatic-17458-postgres Starting 
 Container ergomatic-17458-postgres Started 
 Container ergomatic-17458-postgres Waiting 
 Container ergomatic-17458-postgres Healthy 
 Container ergomatic-17458-api Starting 
 Container ergomatic-17458-api Started 
 Container ergomatic-17458-api Waiting 
 Container ergomatic-17458-api Healthy 
 Container ergomatic-17458-web Starting 
 Container ergomatic-17458-web Started 
 Container ergomatic-17458-web Waiting 
 Container ergomatic-17458-postgres Waiting 
 Container ergomatic-17458-api Waiting 
 Container ergomatic-17458-postgres Healthy 
 Container ergomatic-17458-api Healthy 
 Container ergomatic-17458-web Healthy 

Running 6 tests using 3 workers

(node:61910) Warning: The 'NO_COLOR' env is ignored due to the 'FORCE_COLOR' env being set.
(Use `node --trace-warnings ...` to show where the warning was created)


(node:61911) Warning: The 'NO_COLOR' env is ignored due to the 'FORCE_COLOR' env being set.
(Use `node --trace-warnings ...` to show where the warning was created)


(node:61909) Warning: The 'NO_COLOR' env is ignored due to the 'FORCE_COLOR' env being set.
(Use `node --trace-warnings ...` to show where the warning was created)


[1/6] [chromium] › e2e/appleAuth.spec.ts:18:1 › Apple welcome begins at the real control and resumes into explicit account confirmation
[2/6] [chromium] › e2e/appleAuth.spec.ts:78:1 › linking Apple proves Google then Apple and preserves the signed-in account's real workout
[3/6] [chromium] › e2e/appleAuth.spec.ts:227:1 › a lost finalize response reports uncertainty without claiming failure or success
[4/6] [chromium] › e2e/appleAuth.spec.ts:281:1 › a cancelled link return sends the rower to You once and releases ordinary navigation
[5/6] [chromium] › e2e/design.spec.ts:634:3 › Apple front door and sign-in methods › welcome and confirmation keep approved provider order, geometry, palette and accessible names
[6/6] [chromium] › e2e/design.spec.ts:706:3 › Apple front door and sign-in methods › You methods and the two-proof screen keep 44px controls and hide the tab bar during linking
  6 passed (1.6s)
