$ bash scripts/screenshots.sh --grep 'apple-link-confirm-landscape|apple-link-result-uncertain'
stack: ergomatic-17458 (web :8358, pg :15358)
time="2026-09-13T02:39:13-04:00" level=warning msg="The \"CLOUDFLARE_TUNNEL_TOKEN\" variable is not set. Defaulting to a blank string."
 Volume ergomatic-17458_pgdata Removing 
 Volume ergomatic-17458_pgdata Removed 
time="2026-09-13T02:39:13-04:00" level=warning msg="The \"CLOUDFLARE_TUNNEL_TOKEN\" variable is not set. Defaulting to a blank string."
 Image ergomatic-17458-api Building 
 Image ergomatic-17458-web Building 
#1 [internal] load local bake definitions
#1 reading from stdin 1.33kB done
#1 DONE 0.0s

#2 [api internal] load build definition from Dockerfile
#2 transferring dockerfile: 1.96kB done
#2 DONE 0.0s

#3 [web internal] load metadata for docker.io/nginxinc/nginx-unprivileged:1.30.4-alpine
#3 DONE 0.0s

#4 [web internal] load metadata for docker.io/library/node:26.5.0-slim
#4 DONE 0.0s

#5 [web internal] load .dockerignore
#5 transferring context: 86B done
#5 DONE 0.0s

#6 [api build 1/8] FROM docker.io/library/node:26.5.0-slim@sha256:715e55e4b84e4bb0ff48e49b398a848f08e55daed8eb6a0ea1839ae53bc57583
#6 resolve docker.io/library/node:26.5.0-slim@sha256:715e55e4b84e4bb0ff48e49b398a848f08e55daed8eb6a0ea1839ae53bc57583 done
#6 DONE 0.0s

#7 [web web 1/3] FROM docker.io/nginxinc/nginx-unprivileged:1.30.4-alpine@sha256:44e36330f74d4f3a1d4e222acca9e23b401fb87811a7597024502bb759c4dd49
#7 resolve docker.io/nginxinc/nginx-unprivileged:1.30.4-alpine@sha256:44e36330f74d4f3a1d4e222acca9e23b401fb87811a7597024502bb759c4dd49 done
#7 DONE 0.0s

#8 [web internal] load build context
#8 transferring context: 1.03MB 0.0s done
#8 DONE 0.0s

#9 [api build 3/8] WORKDIR /app
#9 CACHED

#10 [api build 4/8] COPY package.json pnpm-lock.yaml pnpm-workspace.yaml ./
#10 CACHED

#11 [api build 2/8] RUN npm install -g pnpm@11.17.0
#11 CACHED

#12 [api build 5/8] COPY patches ./patches
#12 CACHED

#13 [api build 6/8] RUN pnpm install --frozen-lockfile
#13 CACHED

#11 [web build 2/8] RUN npm install -g pnpm@11.17.0
#11 CACHED

#9 [web build 3/8] WORKDIR /app
#9 CACHED

#10 [web build 4/8] COPY package.json pnpm-lock.yaml pnpm-workspace.yaml ./
#10 CACHED

#12 [web build 5/8] COPY patches ./patches
#12 CACHED

#14 [web build 7/8] COPY . .
#14 DONE 0.1s

#15 [api build 8/8] RUN pnpm build
#15 0.325 $ tsc -b && vite build && tsc -p tsconfig.server.build.json
#15 6.098 vite v8.2.2 building client environment for production...
#15 6.103 transforming...
#15 6.176 ✓ 335 modules transformed.
#15 6.208 rendering chunks...
#15 6.314 computing gzip size...
#15 6.320 dist/client/index.html                                                     0.56 kB │ gzip:   0.33 kB
#15 6.320 dist/client/assets/archivo-vietnamese-600-normal-anCjMumA.woff2            5.19 kB
#15 6.320 dist/client/assets/newsreader-vietnamese-500-normal-CL6a8tp2.woff2         5.43 kB
#15 6.320 dist/client/assets/ibm-plex-mono-vietnamese-500-normal-C8zxqsMH.woff       5.61 kB
#15 6.320 dist/client/assets/ibm-plex-mono-vietnamese-400-normal-DDuiU_S-.woff       5.62 kB
#15 6.320 dist/client/assets/archivo-vietnamese-500-normal-k0drYPZA.woff2            5.65 kB
#15 6.320 dist/client/assets/archivo-vietnamese-400-normal-BF4g3tCF.woff2            5.67 kB
#15 6.320 dist/client/assets/ibm-plex-mono-vietnamese-600-normal-iLQfcSjf.woff       5.71 kB
#15 6.320 dist/client/assets/ibm-plex-mono-cyrillic-ext-500-normal-BIfNGwUT.woff     5.77 kB
#15 6.320 dist/client/assets/ibm-plex-mono-cyrillic-ext-600-normal-9HEixskS.woff     5.79 kB
#15 6.320 dist/client/assets/ibm-plex-mono-cyrillic-ext-400-normal-DMdlQ8Kv.woff     5.82 kB
#15 6.320 dist/client/assets/ibm-plex-mono-vietnamese-400-normal-BulugwFq.woff2      5.86 kB
#15 6.320 dist/client/assets/ibm-plex-mono-vietnamese-500-normal-DZ4AoWbu.woff2      6.04 kB
#15 6.320 dist/client/assets/ibm-plex-mono-cyrillic-ext-400-normal-xuaO2J-f.woff2    6.91 kB
#15 6.320 dist/client/assets/ibm-plex-mono-vietnamese-600-normal-D2EvbN8M.woff2      6.93 kB
#15 6.320 dist/client/assets/ibm-plex-mono-cyrillic-ext-500-normal-BqneJy0T.woff2    6.97 kB
#15 6.320 dist/client/assets/newsreader-vietnamese-500-normal-BEAbKU8A.woff          7.03 kB
#15 6.320 dist/client/assets/ibm-plex-mono-cyrillic-400-normal-CEL4l2ZJ.woff         7.20 kB
#15 6.320 dist/client/assets/ibm-plex-mono-cyrillic-500-normal-Ael50iVv.woff         7.20 kB
#15 6.320 dist/client/assets/ibm-plex-mono-cyrillic-600-normal-fLZuRloM.woff         7.26 kB
#15 6.320 dist/client/assets/archivo-vietnamese-600-normal-C8xBVdfP.woff             7.38 kB
#15 6.320 dist/client/assets/archivo-vietnamese-500-normal-7W3lD2kQ.woff             7.66 kB
#15 6.320 dist/client/assets/archivo-vietnamese-400-normal-FGOLYM1a.woff             7.68 kB
#15 6.320 dist/client/assets/ibm-plex-mono-cyrillic-ext-600-normal-V-xxqcpd.woff2    7.69 kB
#15 6.320 dist/client/assets/ibm-plex-mono-cyrillic-400-normal-BSMlKf0J.woff2        8.35 kB
#15 6.320 dist/client/assets/ibm-plex-mono-cyrillic-500-normal-Bq9vWWag.woff2        8.46 kB
#15 6.320 dist/client/assets/ibm-plex-mono-cyrillic-600-normal-CTOM6hUh.woff2        9.35 kB
#15 6.320 dist/client/assets/ibm-plex-mono-latin-ext-400-normal-D3D2R8hC.woff       11.76 kB
#15 6.320 dist/client/assets/ibm-plex-mono-latin-ext-500-normal-CZ70TYgx.woff       11.76 kB
#15 6.320 dist/client/assets/ibm-plex-mono-latin-ext-600-normal-DmB0ttJJ.woff       11.83 kB
#15 6.320 dist/client/assets/archivo-latin-ext-600-normal-Dm61iqcg.woff2            12.38 kB
#15 6.320 dist/client/assets/archivo-latin-ext-400-normal-B5tPZzqW.woff2            12.92 kB
#15 6.320 dist/client/assets/ibm-plex-mono-latin-400-normal-CvHOgSBP.woff           13.14 kB
#15 6.320 dist/client/assets/ibm-plex-mono-latin-500-normal-CB9ihrfo.woff           13.15 kB
#15 6.320 dist/client/assets/archivo-latin-ext-500-normal-RFhg4CpD.woff2            13.16 kB
#15 6.320 dist/client/assets/ibm-plex-mono-latin-600-normal-DWFSQ4vo.woff           13.20 kB
#15 6.320 dist/client/assets/ibm-plex-mono-latin-ext-400-normal-BmRBH3aV.woff2      13.34 kB
#15 6.320 dist/client/assets/ibm-plex-mono-latin-ext-500-normal-CAhNIIs5.woff2      13.43 kB
#15 6.320 dist/client/assets/archivo-latin-600-normal-3BBy0ZsW.woff2                13.82 kB
#15 6.320 dist/client/assets/ibm-plex-mono-latin-ext-600-normal-D38SheWl.woff2      14.32 kB
#15 6.320 dist/client/assets/archivo-latin-500-normal-CGugC8dq.woff2                14.60 kB
#15 6.320 dist/client/assets/archivo-latin-400-normal-C81ewxNO.woff2                14.70 kB
#15 6.320 dist/client/assets/ibm-plex-mono-latin-400-normal-DMJ8VG8y.woff2          14.70 kB
#15 6.320 dist/client/assets/ibm-plex-mono-latin-500-normal-DSY6xOcd.woff2          14.88 kB
#15 6.320 dist/client/assets/newsreader-latin-ext-500-normal-BNHmvKvI.woff2         15.06 kB
#15 6.320 dist/client/assets/ibm-plex-mono-latin-600-normal-BgSNZQsw.woff2          15.62 kB
#15 6.320 dist/client/assets/archivo-latin-ext-600-normal-D7uErJuz.woff             17.72 kB
#15 6.320 dist/client/assets/archivo-latin-ext-400-normal-DrmqtLj6.woff             17.98 kB
#15 6.320 dist/client/assets/archivo-latin-600-normal-DwYieO8P.woff                 18.20 kB
#15 6.320 dist/client/assets/archivo-latin-ext-500-normal-D7mXw3Kz.woff             18.29 kB
#15 6.320 dist/client/assets/archivo-latin-400-normal-Bl602Mgc.woff                 18.97 kB
#15 6.320 dist/client/assets/archivo-latin-500-normal-pkzA7jw9.woff                 18.98 kB
#15 6.320 dist/client/assets/newsreader-latin-ext-500-normal-CZruMFou.woff          19.29 kB
#15 6.320 dist/client/assets/newsreader-latin-500-normal-B66TYsaK.woff2             23.62 kB
#15 6.320 dist/client/assets/newsreader-latin-500-normal-DFwuUcdu.woff              29.63 kB
#15 6.320 dist/client/assets/index-BupF1Tm4.css                                    119.86 kB │ gzip:  17.96 kB
#15 6.320 dist/client/assets/webAuth-Ch6J0S-C.js                                     0.07 kB │ gzip:   0.08 kB
#15 6.320 dist/client/assets/appleAuth-C-55XkHU.js                                   0.08 kB │ gzip:   0.09 kB
#15 6.320 dist/client/assets/appSettings-BHfoXbQp.js                                 0.11 kB │ gzip:   0.11 kB
#15 6.320 dist/client/assets/keepAwake-BDOrQaBI.js                                   0.45 kB │ gzip:   0.29 kB
#15 6.320 dist/client/assets/appLifecycle-WcnG_Sd0.js                                0.52 kB │ gzip:   0.33 kB
#15 6.320 dist/client/assets/keyboard-Cx1VmE8N.js                                    0.57 kB │ gzip:   0.37 kB
#15 6.320 dist/client/assets/haptics-CC6V8cyy.js                                     0.59 kB │ gzip:   0.39 kB
#15 6.320 dist/client/assets/native-Ce6SX07o.js                                      0.72 kB │ gzip:   0.33 kB
#15 6.320 dist/client/assets/web-CwOUlD_2.js                                         0.76 kB │ gzip:   0.38 kB
#15 6.320 dist/client/assets/web-szr0shcW.js                                         0.77 kB │ gzip:   0.35 kB
#15 6.320 dist/client/assets/web-B9dskbiE.js                                         0.84 kB │ gzip:   0.40 kB
#15 6.320 dist/client/assets/web-CucXk1Nv.js                                         0.92 kB │ gzip:   0.46 kB
#15 6.320 dist/client/assets/web-DbKzwR46.js                                         1.15 kB │ gzip:   0.46 kB
#15 6.320 dist/client/assets/session-3s9dYDOL.js                                     1.39 kB │ gzip:   0.62 kB
#15 6.320 dist/client/assets/base-D93Bcg76.js                                        2.53 kB │ gzip:   0.92 kB
#15 6.320 dist/client/assets/nfc-oig_Kacn.js                                         3.11 kB │ gzip:   1.31 kB
#15 6.320 dist/client/assets/capacitorBle-CKBHHYyT.js                                6.67 kB │ gzip:   2.63 kB
#15 6.320 dist/client/assets/web-Cw9cUEBo.js                                         7.67 kB │ gzip:   2.24 kB
#15 6.320 dist/client/assets/dist-Dhrj-3P3.js                                        7.75 kB │ gzip:   3.09 kB
#15 6.320 dist/client/assets/esm-DRBaj609.js                                         8.63 kB │ gzip:   2.42 kB
#15 6.320 dist/client/assets/web-Bod6BiBc.js                                        13.30 kB │ gzip:   3.94 kB
#15 6.320 dist/client/assets/signin-B-Dicxdm.js                                     45.90 kB │ gzip:  11.70 kB
#15 6.320 dist/client/assets/index-DfjYylBW.js                                     736.72 kB │ gzip: 222.46 kB
#15 6.320 
#15 6.321 [plugin builtin:vite-reporter] 
#15 6.321 (!) Some chunks are larger than 500 kB after minification. Consider:
#15 6.321 - Using dynamic import() to code-split the application
#15 6.321 - Use build.rolldownOptions.output.codeSplitting to improve chunking: https://rolldown.rs/reference/OutputOptions.codeSplitting
#15 6.321 - Adjust chunk size limit for this warning via build.chunkSizeWarningLimit.
#15 6.321 ✓ built in 223ms
#15 DONE 7.7s

#16 [web build 8/8] RUN pnpm build
#16 0.324 $ tsc -b && vite build && tsc -p tsconfig.server.build.json
#16 6.098 vite v8.2.2 building client environment for production...
#16 6.103 transforming...
#16 6.175 ✓ 341 modules transformed.
#16 6.209 rendering chunks...
#16 6.323 computing gzip size...
#16 6.330 dist/client/index.html                                                     0.56 kB │ gzip:   0.33 kB
#16 6.330 dist/client/assets/archivo-vietnamese-600-normal-anCjMumA.woff2            5.19 kB
#16 6.330 dist/client/assets/newsreader-vietnamese-500-normal-CL6a8tp2.woff2         5.43 kB
#16 6.330 dist/client/assets/ibm-plex-mono-vietnamese-500-normal-C8zxqsMH.woff       5.61 kB
#16 6.330 dist/client/assets/ibm-plex-mono-vietnamese-400-normal-DDuiU_S-.woff       5.62 kB
#16 6.330 dist/client/assets/archivo-vietnamese-500-normal-k0drYPZA.woff2            5.65 kB
#16 6.330 dist/client/assets/archivo-vietnamese-400-normal-BF4g3tCF.woff2            5.67 kB
#16 6.330 dist/client/assets/ibm-plex-mono-vietnamese-600-normal-iLQfcSjf.woff       5.71 kB
#16 6.330 dist/client/assets/ibm-plex-mono-cyrillic-ext-500-normal-BIfNGwUT.woff     5.77 kB
#16 6.330 dist/client/assets/ibm-plex-mono-cyrillic-ext-600-normal-9HEixskS.woff     5.79 kB
#16 6.330 dist/client/assets/ibm-plex-mono-cyrillic-ext-400-normal-DMdlQ8Kv.woff     5.82 kB
#16 6.330 dist/client/assets/ibm-plex-mono-vietnamese-400-normal-BulugwFq.woff2      5.86 kB
#16 6.330 dist/client/assets/ibm-plex-mono-vietnamese-500-normal-DZ4AoWbu.woff2      6.04 kB
#16 6.330 dist/client/assets/ibm-plex-mono-cyrillic-ext-400-normal-xuaO2J-f.woff2    6.91 kB
#16 6.330 dist/client/assets/ibm-plex-mono-vietnamese-600-normal-D2EvbN8M.woff2      6.93 kB
#16 6.330 dist/client/assets/ibm-plex-mono-cyrillic-ext-500-normal-BqneJy0T.woff2    6.97 kB
#16 6.330 dist/client/assets/newsreader-vietnamese-500-normal-BEAbKU8A.woff          7.03 kB
#16 6.330 dist/client/assets/ibm-plex-mono-cyrillic-400-normal-CEL4l2ZJ.woff         7.20 kB
#16 6.330 dist/client/assets/ibm-plex-mono-cyrillic-500-normal-Ael50iVv.woff         7.20 kB
#16 6.330 dist/client/assets/ibm-plex-mono-cyrillic-600-normal-fLZuRloM.woff         7.26 kB
#16 6.330 dist/client/assets/archivo-vietnamese-600-normal-C8xBVdfP.woff             7.38 kB
#16 6.330 dist/client/assets/archivo-vietnamese-500-normal-7W3lD2kQ.woff             7.66 kB
#16 6.330 dist/client/assets/archivo-vietnamese-400-normal-FGOLYM1a.woff             7.68 kB
#16 6.330 dist/client/assets/ibm-plex-mono-cyrillic-ext-600-normal-V-xxqcpd.woff2    7.69 kB
#16 6.330 dist/client/assets/ibm-plex-mono-cyrillic-400-normal-BSMlKf0J.woff2        8.35 kB
#16 6.330 dist/client/assets/ibm-plex-mono-cyrillic-500-normal-Bq9vWWag.woff2        8.46 kB
#16 6.330 dist/client/assets/ibm-plex-mono-cyrillic-600-normal-CTOM6hUh.woff2        9.35 kB
#16 6.330 dist/client/assets/ibm-plex-mono-latin-ext-400-normal-D3D2R8hC.woff       11.76 kB
#16 6.330 dist/client/assets/ibm-plex-mono-latin-ext-500-normal-CZ70TYgx.woff       11.76 kB
#16 6.330 dist/client/assets/ibm-plex-mono-latin-ext-600-normal-DmB0ttJJ.woff       11.83 kB
#16 6.330 dist/client/assets/archivo-latin-ext-600-normal-Dm61iqcg.woff2            12.38 kB
#16 6.330 dist/client/assets/archivo-latin-ext-400-normal-B5tPZzqW.woff2            12.92 kB
#16 6.330 dist/client/assets/ibm-plex-mono-latin-400-normal-CvHOgSBP.woff           13.14 kB
#16 6.330 dist/client/assets/ibm-plex-mono-latin-500-normal-CB9ihrfo.woff           13.15 kB
#16 6.330 dist/client/assets/archivo-latin-ext-500-normal-RFhg4CpD.woff2            13.16 kB
#16 6.330 dist/client/assets/ibm-plex-mono-latin-600-normal-DWFSQ4vo.woff           13.20 kB
#16 6.330 dist/client/assets/ibm-plex-mono-latin-ext-400-normal-BmRBH3aV.woff2      13.34 kB
#16 6.330 dist/client/assets/ibm-plex-mono-latin-ext-500-normal-CAhNIIs5.woff2      13.43 kB
#16 6.330 dist/client/assets/archivo-latin-600-normal-3BBy0ZsW.woff2                13.82 kB
#16 6.330 dist/client/assets/ibm-plex-mono-latin-ext-600-normal-D38SheWl.woff2      14.32 kB
#16 6.330 dist/client/assets/archivo-latin-500-normal-CGugC8dq.woff2                14.60 kB
#16 6.330 dist/client/assets/archivo-latin-400-normal-C81ewxNO.woff2                14.70 kB
#16 6.330 dist/client/assets/ibm-plex-mono-latin-400-normal-DMJ8VG8y.woff2          14.70 kB
#16 6.330 dist/client/assets/ibm-plex-mono-latin-500-normal-DSY6xOcd.woff2          14.88 kB
#16 6.330 dist/client/assets/newsreader-latin-ext-500-normal-BNHmvKvI.woff2         15.06 kB
#16 6.330 dist/client/assets/ibm-plex-mono-latin-600-normal-BgSNZQsw.woff2          15.62 kB
#16 6.330 dist/client/assets/archivo-latin-ext-600-normal-D7uErJuz.woff             17.72 kB
#16 6.330 dist/client/assets/archivo-latin-ext-400-normal-DrmqtLj6.woff             17.98 kB
#16 6.330 dist/client/assets/archivo-latin-600-normal-DwYieO8P.woff                 18.20 kB
#16 6.330 dist/client/assets/archivo-latin-ext-500-normal-D7mXw3Kz.woff             18.29 kB
#16 6.330 dist/client/assets/archivo-latin-400-normal-Bl602Mgc.woff                 18.97 kB
#16 6.330 dist/client/assets/archivo-latin-500-normal-pkzA7jw9.woff                 18.98 kB
#16 6.330 dist/client/assets/newsreader-latin-ext-500-normal-CZruMFou.woff          19.29 kB
#16 6.330 dist/client/assets/newsreader-latin-500-normal-B66TYsaK.woff2             23.62 kB
#16 6.330 dist/client/assets/newsreader-latin-500-normal-DFwuUcdu.woff              29.63 kB
#16 6.330 dist/client/assets/index-BupF1Tm4.css                                    119.86 kB │ gzip:  17.96 kB
#16 6.330 dist/client/assets/webAuth-Ch6J0S-C.js                                     0.07 kB │ gzip:   0.08 kB
#16 6.330 dist/client/assets/appleAuth-C-55XkHU.js                                   0.08 kB │ gzip:   0.09 kB
#16 6.330 dist/client/assets/appSettings-DgATX-yr.js                                 0.11 kB │ gzip:   0.11 kB
#16 6.330 dist/client/assets/keepAwake-Dnh5kfmx.js                                   0.45 kB │ gzip:   0.29 kB
#16 6.330 dist/client/assets/appLifecycle-CkGhB244.js                                0.52 kB │ gzip:   0.34 kB
#16 6.330 dist/client/assets/keyboard-Cx1VmE8N.js                                    0.57 kB │ gzip:   0.37 kB
#16 6.330 dist/client/assets/haptics-DtyBqzB7.js                                     0.59 kB │ gzip:   0.39 kB
#16 6.330 dist/client/assets/native-D9-wWZKk.js                                      0.72 kB │ gzip:   0.33 kB
#16 6.330 dist/client/assets/web-BwuvWls0.js                                         0.76 kB │ gzip:   0.38 kB
#16 6.330 dist/client/assets/web-szr0shcW.js                                         0.77 kB │ gzip:   0.35 kB
#16 6.330 dist/client/assets/nfcBridge-BxkFL8oB.js                                   0.79 kB │ gzip:   0.37 kB
#16 6.330 dist/client/assets/web-B9dskbiE.js                                         0.84 kB │ gzip:   0.40 kB
#16 6.330 dist/client/assets/web-D_KQM2Gh.js                                         0.92 kB │ gzip:   0.46 kB
#16 6.330 dist/client/assets/web-DbKzwR46.js                                         1.15 kB │ gzip:   0.46 kB
#16 6.330 dist/client/assets/scriptedNfcReader-DJbfVQKE.js                           1.20 kB │ gzip:   0.66 kB
#16 6.330 dist/client/assets/session-BPkMhMgm.js                                     1.39 kB │ gzip:   0.62 kB
#16 6.330 dist/client/assets/holdOpen-C8jnbM4v.js                                    1.82 kB │ gzip:   0.86 kB
#16 6.330 dist/client/assets/JustRowObserver-DVjDw582.js                             2.30 kB │ gzip:   0.95 kB
#16 6.330 dist/client/assets/nfc-CHxcwT_J.js                                         2.37 kB │ gzip:   1.08 kB
#16 6.330 dist/client/assets/recording-Dmw51hz5.js                                   2.39 kB │ gzip:   1.14 kB
#16 6.330 dist/client/assets/base-DVK-RWZ5.js                                        2.53 kB │ gzip:   0.92 kB
#16 6.330 dist/client/assets/capacitorBle-kx21ycnQ.js                                6.67 kB │ gzip:   2.64 kB
#16 6.330 dist/client/assets/web-Bz9LWfQ7.js                                         7.67 kB │ gzip:   2.24 kB
#16 6.330 dist/client/assets/dist-Dhrj-3P3.js                                        7.75 kB │ gzip:   3.09 kB
#16 6.330 dist/client/assets/esm-C6D0g7j0.js                                         8.63 kB │ gzip:   2.42 kB
#16 6.330 dist/client/assets/web-A-hPhc0Q.js                                        13.30 kB │ gzip:   3.94 kB
#16 6.330 dist/client/assets/fake-DuQQp3x1.js                                       14.75 kB │ gzip:   5.09 kB
#16 6.330 dist/client/assets/signin-74wivIHI.js                                     45.90 kB │ gzip:  11.70 kB
#16 6.330 dist/client/assets/index-3IXZScxA.js                                     739.43 kB │ gzip: 223.45 kB
#16 6.330 
#16 6.330 [plugin builtin:vite-reporter] 
#16 6.330 (!) Some chunks are larger than 500 kB after minification. Consider:
#16 6.330 - Using dynamic import() to code-split the application
#16 6.330 - Use build.rolldownOptions.output.codeSplitting to improve chunking: https://rolldown.rs/reference/OutputOptions.codeSplitting
#16 6.330 - Adjust chunk size limit for this warning via build.chunkSizeWarningLimit.
#16 6.330 ✓ built in 232ms
#16 DONE 7.7s

#17 [web web 2/3] COPY nginx.conf /etc/nginx/conf.d/default.conf
#17 CACHED

#18 [web web 3/3] COPY --from=build /app/dist/client /usr/share/nginx/html
#18 DONE 0.0s

#19 [web] exporting to image
#19 exporting layers 0.1s done
#19 exporting manifest sha256:a39c18a84e2d478ca3340aa0d07e8a5cacf09b9da3ab9ddb7ab9284d767ab88e done
#19 exporting config sha256:57937f8e5701bbcff378713e62b44fb1abbf86d6f285339db2faffe6ce554e49 done
#19 exporting attestation manifest sha256:9f5f3f9e7ab6bc00860ae4be6eadb349c888968f33894a98f7152cd46f7a619c done
#19 exporting manifest list sha256:8cf1c9f6ee978d47668e5e49c9df3174dfc9af8ef8fab72e7b206189c9634959 done
#19 naming to docker.io/library/ergomatic-17458-web:latest done
#19 unpacking to docker.io/library/ergomatic-17458-web:latest 0.0s done
#19 DONE 0.1s

#20 [web] resolving provenance for metadata file
#20 DONE 0.0s

#21 [api api 6/8] RUN pnpm install --frozen-lockfile --prod
#21 CACHED

#22 [api api 7/8] COPY --from=build /app/dist/server ./dist/server
#22 CACHED

#23 [api api 8/8] COPY --from=build /app/drizzle ./drizzle
#23 CACHED

#24 [api] exporting to image
#24 exporting layers done
#24 exporting manifest sha256:c7c6798b8c9131741f8160fc4f9842e77837937b1b059b1baeedf011cf8683eb done
#24 exporting config sha256:8e8a0b698225e4c62f4dab1acd837d00f94b4569b740c338b974424d148e60a3 done
#24 exporting attestation manifest sha256:0a7ee26b10ab54ab15eaed622d469c6f7d7efcd2cffb3d9d63a93d36ec873d9a done
#24 exporting manifest list sha256:aa1837571d5c6a519cfeddc837ae81e66ebb877ecacdfa4a885348fc915ff7db done
#24 naming to docker.io/library/ergomatic-17458-api:latest done
#24 unpacking to docker.io/library/ergomatic-17458-api:latest done
#24 DONE 0.1s

#25 [api] resolving provenance for metadata file
#25 DONE 0.0s
 Image ergomatic-17458-api Built 
 Image ergomatic-17458-web Built 
 Network ergomatic-17458_default Creating 
 Network ergomatic-17458_default Created 
 Volume ergomatic-17458_pgdata Creating 
 Volume ergomatic-17458_pgdata Created 
 Container ergomatic-17458-postgres Creating 
 Container ergomatic-17458-postgres Created 
 Container ergomatic-17458-api Creating 
 Container ergomatic-17458-api Created 
 Container ergomatic-17458-web Creating 
 Container ergomatic-17458-web Created 
 Container ergomatic-17458-postgres Starting 
 Container ergomatic-17458-postgres Started 
 Container ergomatic-17458-postgres Waiting 
 Container ergomatic-17458-postgres Healthy 
 Container ergomatic-17458-api Starting 
 Container ergomatic-17458-api Started 
 Container ergomatic-17458-api Waiting 
 Container ergomatic-17458-api Healthy 
 Container ergomatic-17458-web Starting 
 Container ergomatic-17458-web Started 
 Container ergomatic-17458-api Waiting 
 Container ergomatic-17458-web Waiting 
 Container ergomatic-17458-postgres Waiting 
 Container ergomatic-17458-api Healthy 
 Container ergomatic-17458-postgres Healthy 
 Container ergomatic-17458-web Healthy 

Running 3 tests using 3 workers

(node:63682) Warning: The 'NO_COLOR' env is ignored due to the 'FORCE_COLOR' env being set.
(Use `node --trace-warnings ...` to show where the warning was created)


(node:63683) Warning: The 'NO_COLOR' env is ignored due to the 'FORCE_COLOR' env being set.
(Use `node --trace-warnings ...` to show where the warning was created)


(node:63684) Warning: The 'NO_COLOR' env is ignored due to the 'FORCE_COLOR' env being set.
(Use `node --trace-warnings ...` to show where the warning was created)


[1/3] [screenshots] › e2e/screenshots.spec.ts:7747:1 › apple-link-confirm-landscape
[2/3] [screenshots] › e2e/screenshots.spec.ts:7793:1 › apple-link-result-uncertain-landscape
[3/3] [screenshots] › e2e/screenshots.spec.ts:7789:1 › apple-link-result-uncertain
  3 passed (921ms)
