before:
ergomatic-17458-web Up 3 minutes (healthy)
ergomatic-17458-api Up 4 minutes (healthy)
ergomatic-17458-postgres Up 4 minutes (healthy)
time="2026-09-13T02:35:59-04:00" level=warning msg="The \"CLOUDFLARE_TUNNEL_TOKEN\" variable is not set. Defaulting to a blank string."
 Container ergomatic-17458-web Stopping 
 Container ergomatic-17458-web Stopped 
 Container ergomatic-17458-web Removing 
 Container ergomatic-17458-web Removed 
 Container ergomatic-17458-api Stopping 
 Container ergomatic-17458-api Stopped 
 Container ergomatic-17458-api Removing 
 Container ergomatic-17458-api Removed 
 Container ergomatic-17458-postgres Stopping 
 Container ergomatic-17458-postgres Stopped 
 Container ergomatic-17458-postgres Removing 
 Container ergomatic-17458-postgres Removed 
 Network ergomatic-17458_default Removing 
 Network ergomatic-17458_default Removed 
after_containers:
retained_volume:
ergomatic-17458_pgdata
