portrait actual border pixel x20,y230: srgb(60,58,55)
portrait approved design border pixel x20,y160: srgb(192,81,62)
landscape actual border pixel x202,y218: srgb(219,216,207)
landscape approved design border pixel x182,y116: srgb(236,218,208)
cascade order:
   378	  letter-spacing: 0.1em;
   379	}
   380	
   381	.auth-notice-success {
   382	  border-color: var(--success);
   383	}
   384	
   385	.auth-notice-error {
   386	  border-color: var(--accent);
   387	}
   388	
   389	.auth-link-retry {
   390	  width: 100%;
   391	  margin-top: 12px;
   392	}
   393	
   394	.tagline {
   395	  color: var(--ink-3);
   396	  white-space: nowrap;
   397	}
   398	
   399	.notice {
   400	  background: var(--surface);
   401	  border: 1px solid var(--ink);
   402	  padding: 12px;
   403	}
   404	
   405	.button-primary {
   406	  display: block;
   407	  min-height: 52px;
landscape actual border center x300,y218: srgb(27,26,23)
landscape approved design border center x300,y116: srgb(181,52,31)
