                                                         version                                                          
--------------------------------------------------------------------------------------------------------------------------
 PostgreSQL 18.4 (Debian 18.4-1.pgdg13+1) on aarch64-unknown-linux-gnu, compiled by gcc (Debian 14.2.0-19) 14.2.0, 64-bit
(1 row)

 work_mem 
----------
 4MB
(1 row)

 shared_buffers 
----------------
 128MB
(1 row)

 jit 
-----
 on
(1 row)

 max_parallel_workers_per_gather 
---------------------------------
 2
(1 row)

