$ tsc -b && vite build && tsc -p tsconfig.server.build.json
vite v8.2.2 building client environment for production...
transforming...
✓ 329 modules transformed.
rendering chunks...
computing gzip size...
dist/client/index.html                                                     0.56 kB │ gzip:   0.33 kB
dist/client/assets/archivo-vietnamese-600-normal-anCjMumA.woff2            5.19 kB
dist/client/assets/newsreader-vietnamese-500-normal-CL6a8tp2.woff2         5.43 kB
dist/client/assets/ibm-plex-mono-vietnamese-500-normal-C8zxqsMH.woff       5.61 kB
dist/client/assets/ibm-plex-mono-vietnamese-400-normal-DDuiU_S-.woff       5.62 kB
dist/client/assets/archivo-vietnamese-500-normal-k0drYPZA.woff2            5.65 kB
dist/client/assets/archivo-vietnamese-400-normal-BF4g3tCF.woff2            5.67 kB
dist/client/assets/ibm-plex-mono-vietnamese-600-normal-iLQfcSjf.woff       5.71 kB
dist/client/assets/ibm-plex-mono-cyrillic-ext-500-normal-BIfNGwUT.woff     5.77 kB
dist/client/assets/ibm-plex-mono-cyrillic-ext-600-normal-9HEixskS.woff     5.79 kB
dist/client/assets/ibm-plex-mono-cyrillic-ext-400-normal-DMdlQ8Kv.woff     5.82 kB
dist/client/assets/ibm-plex-mono-vietnamese-400-normal-BulugwFq.woff2      5.86 kB
dist/client/assets/ibm-plex-mono-vietnamese-500-normal-DZ4AoWbu.woff2      6.04 kB
dist/client/assets/ibm-plex-mono-cyrillic-ext-400-normal-xuaO2J-f.woff2    6.91 kB
dist/client/assets/ibm-plex-mono-vietnamese-600-normal-D2EvbN8M.woff2      6.93 kB
dist/client/assets/ibm-plex-mono-cyrillic-ext-500-normal-BqneJy0T.woff2    6.97 kB
dist/client/assets/newsreader-vietnamese-500-normal-BEAbKU8A.woff          7.03 kB
dist/client/assets/ibm-plex-mono-cyrillic-400-normal-CEL4l2ZJ.woff         7.20 kB
dist/client/assets/ibm-plex-mono-cyrillic-500-normal-Ael50iVv.woff         7.20 kB
dist/client/assets/ibm-plex-mono-cyrillic-600-normal-fLZuRloM.woff         7.26 kB
dist/client/assets/archivo-vietnamese-600-normal-C8xBVdfP.woff             7.38 kB
dist/client/assets/archivo-vietnamese-500-normal-7W3lD2kQ.woff             7.66 kB
dist/client/assets/archivo-vietnamese-400-normal-FGOLYM1a.woff             7.68 kB
dist/client/assets/ibm-plex-mono-cyrillic-ext-600-normal-V-xxqcpd.woff2    7.69 kB
dist/client/assets/ibm-plex-mono-cyrillic-400-normal-BSMlKf0J.woff2        8.35 kB
dist/client/assets/ibm-plex-mono-cyrillic-500-normal-Bq9vWWag.woff2        8.46 kB
dist/client/assets/ibm-plex-mono-cyrillic-600-normal-CTOM6hUh.woff2        9.35 kB
dist/client/assets/ibm-plex-mono-latin-ext-400-normal-D3D2R8hC.woff       11.76 kB
dist/client/assets/ibm-plex-mono-latin-ext-500-normal-CZ70TYgx.woff       11.76 kB
dist/client/assets/ibm-plex-mono-latin-ext-600-normal-DmB0ttJJ.woff       11.83 kB
dist/client/assets/archivo-latin-ext-600-normal-Dm61iqcg.woff2            12.38 kB
dist/client/assets/archivo-latin-ext-400-normal-B5tPZzqW.woff2            12.92 kB
dist/client/assets/ibm-plex-mono-latin-400-normal-CvHOgSBP.woff           13.14 kB
dist/client/assets/ibm-plex-mono-latin-500-normal-CB9ihrfo.woff           13.15 kB
dist/client/assets/archivo-latin-ext-500-normal-RFhg4CpD.woff2            13.16 kB
dist/client/assets/ibm-plex-mono-latin-600-normal-DWFSQ4vo.woff           13.20 kB
dist/client/assets/ibm-plex-mono-latin-ext-400-normal-BmRBH3aV.woff2      13.34 kB
dist/client/assets/ibm-plex-mono-latin-ext-500-normal-CAhNIIs5.woff2      13.43 kB
dist/client/assets/archivo-latin-600-normal-3BBy0ZsW.woff2                13.82 kB
dist/client/assets/ibm-plex-mono-latin-ext-600-normal-D38SheWl.woff2      14.32 kB
dist/client/assets/archivo-latin-500-normal-CGugC8dq.woff2                14.60 kB
dist/client/assets/archivo-latin-400-normal-C81ewxNO.woff2                14.70 kB
dist/client/assets/ibm-plex-mono-latin-400-normal-DMJ8VG8y.woff2          14.70 kB
dist/client/assets/ibm-plex-mono-latin-500-normal-DSY6xOcd.woff2          14.88 kB
dist/client/assets/newsreader-latin-ext-500-normal-BNHmvKvI.woff2         15.06 kB
dist/client/assets/ibm-plex-mono-latin-600-normal-BgSNZQsw.woff2          15.62 kB
dist/client/assets/archivo-latin-ext-600-normal-D7uErJuz.woff             17.72 kB
dist/client/assets/archivo-latin-ext-400-normal-DrmqtLj6.woff             17.98 kB
dist/client/assets/archivo-latin-600-normal-DwYieO8P.woff                 18.20 kB
dist/client/assets/archivo-latin-ext-500-normal-D7mXw3Kz.woff             18.29 kB
dist/client/assets/archivo-latin-400-normal-Bl602Mgc.woff                 18.97 kB
dist/client/assets/archivo-latin-500-normal-pkzA7jw9.woff                 18.98 kB
dist/client/assets/newsreader-latin-ext-500-normal-CZruMFou.woff          19.29 kB
dist/client/assets/newsreader-latin-500-normal-B66TYsaK.woff2             23.62 kB
dist/client/assets/newsreader-latin-500-normal-DFwuUcdu.woff              29.63 kB
dist/client/assets/index-CPg7YS2S.css                                    116.40 kB │ gzip:  17.34 kB
dist/client/assets/webAuth-Ch6J0S-C.js                                     0.07 kB │ gzip:   0.08 kB
dist/client/assets/appSettings-AbFrI0as.js                                 0.11 kB │ gzip:   0.11 kB
dist/client/assets/keepAwake-Bm75BB2h.js                                   0.45 kB │ gzip:   0.29 kB
dist/client/assets/appLifecycle-DNwy1MsE.js                                0.52 kB │ gzip:   0.34 kB
dist/client/assets/keyboard-Cx1VmE8N.js                                    0.57 kB │ gzip:   0.37 kB
dist/client/assets/haptics-BZxPpNsM.js                                     0.59 kB │ gzip:   0.39 kB
dist/client/assets/native-DsUlOjHl.js                                      0.72 kB │ gzip:   0.33 kB
dist/client/assets/web-20ErigZy.js                                         0.76 kB │ gzip:   0.38 kB
dist/client/assets/web-szr0shcW.js                                         0.77 kB │ gzip:   0.35 kB
dist/client/assets/web-B9dskbiE.js                                         0.84 kB │ gzip:   0.40 kB
dist/client/assets/web-B5rzaf42.js                                         0.92 kB │ gzip:   0.46 kB
dist/client/assets/web-DbKzwR46.js                                         1.15 kB │ gzip:   0.46 kB
dist/client/assets/session-D7eokBql.js                                     1.39 kB │ gzip:   0.62 kB
dist/client/assets/base-CYkc5kO5.js                                        2.53 kB │ gzip:   0.92 kB
dist/client/assets/nfc-BXVGAw8Y.js                                         3.11 kB │ gzip:   1.31 kB
dist/client/assets/capacitorBle-Cdn1PBsA.js                                6.67 kB │ gzip:   2.63 kB
dist/client/assets/web-KooYUmbr.js                                         7.67 kB │ gzip:   2.24 kB
dist/client/assets/dist-Dhrj-3P3.js                                        7.75 kB │ gzip:   3.09 kB
dist/client/assets/esm-CMdLAL6Z.js                                         8.63 kB │ gzip:   2.42 kB
dist/client/assets/web-Cey_nG7S.js                                        13.30 kB │ gzip:   3.94 kB
dist/client/assets/signin-N2ho35Ym.js                                     45.65 kB │ gzip:  11.64 kB
dist/client/assets/index-Cy8yRNjF.js                                     717.35 kB │ gzip: 217.59 kB

✓ built in 355ms
[plugin builtin:vite-reporter] 
(!) Some chunks are larger than 500 kB after minification. Consider:
- Using dynamic import() to code-split the application
- Use build.rolldownOptions.output.codeSplitting to improve chunking: https://rolldown.rs/reference/OutputOptions.codeSplitting
- Adjust chunk size limit for this warning via build.chunkSizeWarningLimit.
