Command line invocation:
    /Applications/Xcode.app/Contents/Developer/usr/bin/xcodebuild -list -project App.xcodeproj

Resolve Package Graph


Resolved source packages:
  CapacitorApp: /tmp/ergomatic-apple-native-paste/app/node_modules/.pnpm/@capacitor+app@8.1.1_@capacitor+core@8.5.1/node_modules/@capacitor/app @ local
  CapacitorKeyboard: /tmp/ergomatic-apple-native-paste/app/node_modules/.pnpm/@capacitor+keyboard@8.0.5_@capacitor+core@8.5.1/node_modules/@capacitor/keyboard @ local
  KeychainSwift: https://github.com/evgenyneu/keychain-swift.git @ 21.0.0
  GTMAppAuth: https://github.com/google/GTMAppAuth.git @ 5.0.0
  Facebook: https://github.com/facebook/facebook-ios-sdk.git @ 18.1.1
  CapacitorCommunityBluetoothLe: /tmp/ergomatic-apple-native-paste/app/node_modules/.pnpm/@capacitor-community+bluetooth-le@8.3.0_@capacitor+core@8.5.1/node_modules/@capacitor-community/bluetooth-le @ local
  AppAuth: https://github.com/openid/AppAuth-iOS.git @ 2.1.0
  capacitor-swift-pm: https://github.com/ionic-team/capacitor-swift-pm.git @ 8.5.1
  GoogleSignIn: https://github.com/google/GoogleSignIn-iOS.git @ 9.2.0
  Alamofire: https://github.com/Alamofire/Alamofire.git @ 5.12.2
  Promises: https://github.com/google/promises.git @ 2.4.1
  CapacitorCommunityKeepAwake: /tmp/ergomatic-apple-native-paste/app/node_modules/.pnpm/@capacitor-community+keep-awake@8.0.1_@capacitor+core@8.5.1/node_modules/@capacitor-community/keep-awake @ local
  GoogleUtilities: https://github.com/google/GoogleUtilities.git @ 8.1.3
  GTMSessionFetcher: https://github.com/google/gtm-session-fetcher.git @ 3.5.0
  AppCheck: https://github.com/google/app-check.git @ 11.3.1
  CapgoCapacitorNfc: /tmp/ergomatic-apple-native-paste/app/node_modules/.pnpm/@capgo+capacitor-nfc@8.2.5_patch_hash=6a377bd76c16c5eabbe0ca8fb1486b73efbd42a33ac311ae6_45409c4abcbb4e3a24717ae67f593c43/node_modules/@capgo/capacitor-nfc @ local
  CapgoCapacitorSocialLogin: /tmp/ergomatic-apple-native-paste/app/node_modules/.pnpm/@capgo+capacitor-social-login@8.5.5_@capacitor+core@8.5.1/node_modules/@capgo/capacitor-social-login @ local
  InteropForGoogle: https://github.com/google/interop-ios-for-google-sdks.git @ 101.0.0
  CapApp-SPM: /tmp/ergomatic-apple-native-paste/app/ios/App/CapApp-SPM @ local
  AparajitaCapacitorSecureStorage: /tmp/ergomatic-apple-native-paste/app/node_modules/.pnpm/@aparajita+capacitor-secure-storage@8.0.0/node_modules/@aparajita/capacitor-secure-storage @ local
  CapacitorHaptics: /tmp/ergomatic-apple-native-paste/app/node_modules/.pnpm/@capacitor+haptics@8.0.2_@capacitor+core@8.5.1/node_modules/@capacitor/haptics @ local

Information about project "App":
    Targets:
        App

    Build Configurations:
        Debug
        Release

    If no build configuration is specified and -scheme is not passed then "Release" is used.

    Schemes:
        AparajitaCapacitorSecureStorage
        App
        CapacitorApp
        CapacitorCommunityBluetoothLe
        CapacitorCommunityKeepAwake
        CapacitorHaptics
        CapacitorKeyboard
        CapApp-SPM
        CapgoCapacitorNfc
        CapgoCapacitorSocialLogin

note: Emplaced /tmp/ergomatic-apple-native-dd.LChMlC/Build/Products/Debug-iphonesimulator/App.app/AppIcon76x76@2x~ipad.png (in target 'App' from project 'App')
note: Emplaced /tmp/ergomatic-apple-native-dd.LChMlC/Build/Products/Debug-iphonesimulator/App.app/AppIcon60x60@2x.png (in target 'App' from project 'App')
note: Emplaced /tmp/ergomatic-apple-native-dd.LChMlC/Build/Products/Debug-iphonesimulator/App.app/Assets.car (in target 'App' from project 'App')

ProcessInfoPlistFile /tmp/ergomatic-apple-native-dd.LChMlC/Build/Products/Debug-iphonesimulator/App.app/Info.plist /tmp/ergomatic-apple-native-paste/app/ios/App/App/Info.plist (in target 'App' from project 'App')
    cd /tmp/ergomatic-apple-native-paste/app/ios/App
    builtin-infoPlistUtility /tmp/ergomatic-apple-native-paste/app/ios/App/App/Info.plist -producttype com.apple.product-type.application -genpkginfo /tmp/ergomatic-apple-native-dd.LChMlC/Build/Products/Debug-iphonesimulator/App.app/PkgInfo -expandbuildsettings -format binary -platform iphonesimulator -additionalcontentfile /tmp/ergomatic-apple-native-dd.LChMlC/Build/Intermediates.noindex/App.build/Debug-iphonesimulator/App.build/Base.lproj/LaunchScreen-SBPartialInfo.plist -additionalcontentfile /tmp/ergomatic-apple-native-dd.LChMlC/Build/Intermediates.noindex/App.build/Debug-iphonesimulator/App.build/Base.lproj/Main-SBPartialInfo.plist -additionalcontentfile /tmp/ergomatic-apple-native-dd.LChMlC/Build/Intermediates.noindex/App.build/Debug-iphonesimulator/App.build/assetcatalog_generated_info.plist -scanforprivacyfile /tmp/ergomatic-apple-native-dd.LChMlC/Build/Products/Debug-iphonesimulator/App.app/Alamofire_Alamofire.bundle -scanforprivacyfile /tmp/ergomatic-apple-native-dd.LChMlC/Build/Products/Debug-iphonesimulator/App.app/AppAuth_AppAuth.bundle -scanforprivacyfile /tmp/ergomatic-apple-native-dd.LChMlC/Build/Products/Debug-iphonesimulator/App.app/AppAuth_AppAuthCore.bundle -scanforprivacyfile /tmp/ergomatic-apple-native-dd.LChMlC/Build/Products/Debug-iphonesimulator/App.app/Facebook_FacebookAEM.bundle -scanforprivacyfile /tmp/ergomatic-apple-native-dd.LChMlC/Build/Products/Debug-iphonesimulator/App.app/Facebook_FacebookCore.bundle -scanforprivacyfile /tmp/ergomatic-apple-native-dd.LChMlC/Build/Products/Debug-iphonesimulator/App.app/Facebook_FacebookLogin.bundle -scanforprivacyfile /tmp/ergomatic-apple-native-dd.LChMlC/Build/Products/Debug-iphonesimulator/App.app/Frameworks/Capacitor.framework -scanforprivacyfile /tmp/ergomatic-apple-native-dd.LChMlC/Build/Products/Debug-iphonesimulator/App.app/Frameworks/Cordova.framework -scanforprivacyfile /tmp/ergomatic-apple-native-dd.LChMlC/Build/Products/Debug-iphonesimulator/App.app/Frameworks/FBAEMKit.framework -scanforprivacyfile /tmp/ergomatic-apple-native-dd.LChMlC/Build/Products/Debug-iphonesimulator/App.app/Frameworks/FBSDKCoreKit.framework -scanforprivacyfile /tmp/ergomatic-apple-native-dd.LChMlC/Build/Products/Debug-iphonesimulator/App.app/Frameworks/FBSDKCoreKit_Basics.framework -scanforprivacyfile /tmp/ergomatic-apple-native-dd.LChMlC/Build/Products/Debug-iphonesimulator/App.app/Frameworks/FBSDKLoginKit.framework -scanforprivacyfile /tmp/ergomatic-apple-native-dd.LChMlC/Build/Products/Debug-iphonesimulator/App.app/GTMAppAuth_GTMAppAuth.bundle -scanforprivacyfile /tmp/ergomatic-apple-native-dd.LChMlC/Build/Products/Debug-iphonesimulator/App.app/GTMSessionFetcher_GTMSessionFetcherCore.bundle -scanforprivacyfile /tmp/ergomatic-apple-native-dd.LChMlC/Build/Products/Debug-iphonesimulator/App.app/GoogleSignIn_GoogleSignIn.bundle -scanforprivacyfile /tmp/ergomatic-apple-native-dd.LChMlC/Build/Products/Debug-iphonesimulator/App.app/GoogleUtilities_GoogleUtilities-Environment.bundle -scanforprivacyfile /tmp/ergomatic-apple-native-dd.LChMlC/Build/Products/Debug-iphonesimulator/App.app/GoogleUtilities_GoogleUtilities-Logger.bundle -scanforprivacyfile /tmp/ergomatic-apple-native-dd.LChMlC/Build/Products/Debug-iphonesimulator/App.app/GoogleUtilities_GoogleUtilities-UserDefaults.bundle -scanforprivacyfile /tmp/ergomatic-apple-native-dd.LChMlC/Build/Products/Debug-iphonesimulator/App.app/Promises_FBLPromises.bundle -o /tmp/ergomatic-apple-native-dd.LChMlC/Build/Products/Debug-iphonesimulator/App.app/Info.plist

CopySwiftLibs /tmp/ergomatic-apple-native-dd.LChMlC/Build/Products/Debug-iphonesimulator/App.app (in target 'App' from project 'App')
    cd /tmp/ergomatic-apple-native-paste/app/ios/App
    builtin-swiftStdLibTool --copy --verbose --scan-executable /tmp/ergomatic-apple-native-dd.LChMlC/Build/Products/Debug-iphonesimulator/App.app/App.debug.dylib --scan-folder /tmp/ergomatic-apple-native-dd.LChMlC/Build/Products/Debug-iphonesimulator/App.app/Frameworks --scan-folder /tmp/ergomatic-apple-native-dd.LChMlC/Build/Products/Debug-iphonesimulator/App.app/PlugIns --scan-folder /tmp/ergomatic-apple-native-dd.LChMlC/Build/Products/Debug-iphonesimulator/App.app/SystemExtensions --scan-folder /tmp/ergomatic-apple-native-dd.LChMlC/Build/Products/Debug-iphonesimulator/App.app/Extensions --platform iphonesimulator --toolchain /Applications/Xcode.app/Contents/Developer/Toolchains/XcodeDefault.xctoolchain --destination /tmp/ergomatic-apple-native-dd.LChMlC/Build/Products/Debug-iphonesimulator/App.app/Frameworks --strip-bitcode --strip-bitcode-tool /Applications/Xcode.app/Contents/Developer/Toolchains/XcodeDefault.xctoolchain/usr/bin/bitcode_strip --emit-dependency-info /tmp/ergomatic-apple-native-dd.LChMlC/Build/Intermediates.noindex/App.build/Debug-iphonesimulator/App.build/SwiftStdLibToolInputDependencies.dep --filter-for-swift-os --back-deploy-swift-span
Ignoring --strip-bitcode because --sign was not passed

ExtractAppIntentsMetadata (in target 'App' from project 'App')
    cd /tmp/ergomatic-apple-native-paste/app/ios/App
    /Applications/Xcode.app/Contents/Developer/Toolchains/XcodeDefault.xctoolchain/usr/bin/appintentsmetadataprocessor --toolchain-dir /Applications/Xcode.app/Contents/Developer/Toolchains/XcodeDefault.xctoolchain --module-name App --sdk-root /Applications/Xcode.app/Contents/Developer/Platforms/iPhoneSimulator.platform/Developer/SDKs/iPhoneSimulator26.5.sdk --xcode-version 17F113 --platform-family iOS --deployment-target 15.0 --bundle-identifier haus.waffle.ergomatic --output /tmp/ergomatic-apple-native-dd.LChMlC/Build/Products/Debug-iphonesimulator/App.app --target-triple arm64-apple-ios15.0-simulator --target-triple x86_64-apple-ios15.0-simulator --binary-file /tmp/ergomatic-apple-native-dd.LChMlC/Build/Products/Debug-iphonesimulator/App.app/App --dependency-file /tmp/ergomatic-apple-native-dd.LChMlC/Build/Intermediates.noindex/App.build/Debug-iphonesimulator/App.build/Objects-normal/arm64/App_dependency_info.dat --dependency-file /tmp/ergomatic-apple-native-dd.LChMlC/Build/Intermediates.noindex/App.build/Debug-iphonesimulator/App.build/Objects-normal/x86_64/App_dependency_info.dat --stringsdata-file /tmp/ergomatic-apple-native-dd.LChMlC/Build/Intermediates.noindex/App.build/Debug-iphonesimulator/App.build/Objects-normal/arm64/ExtractedAppShortcutsMetadata.stringsdata --stringsdata-file /tmp/ergomatic-apple-native-dd.LChMlC/Build/Intermediates.noindex/App.build/Debug-iphonesimulator/App.build/Objects-normal/x86_64/ExtractedAppShortcutsMetadata.stringsdata --source-file-list /tmp/ergomatic-apple-native-dd.LChMlC/Build/Intermediates.noindex/App.build/Debug-iphonesimulator/App.build/Objects-normal/arm64/App.SwiftFileList --source-file-list /tmp/ergomatic-apple-native-dd.LChMlC/Build/Intermediates.noindex/App.build/Debug-iphonesimulator/App.build/Objects-normal/x86_64/App.SwiftFileList --metadata-file-list /tmp/ergomatic-apple-native-dd.LChMlC/Build/Intermediates.noindex/App.build/Debug-iphonesimulator/App.build/App.DependencyMetadataFileList --static-metadata-file-list /tmp/ergomatic-apple-native-dd.LChMlC/Build/Intermediates.noindex/App.build/Debug-iphonesimulator/App.build/App.DependencyStaticMetadataFileList --swift-const-vals-list /tmp/ergomatic-apple-native-dd.LChMlC/Build/Intermediates.noindex/App.build/Debug-iphonesimulator/App.build/Objects-normal/arm64/App.SwiftConstValuesFileList --swift-const-vals-list /tmp/ergomatic-apple-native-dd.LChMlC/Build/Intermediates.noindex/App.build/Debug-iphonesimulator/App.build/Objects-normal/x86_64/App.SwiftConstValuesFileList --compile-time-extraction --deployment-aware-processing --validate-assistant-intents --no-app-shortcuts-localization
2026-09-13 00:51:04.633 appintentsmetadataprocessor[90815:6094754] Starting appintentsmetadataprocessor export
2026-09-13 00:51:04.636 appintentsmetadataprocessor[90815:6094754] warning: Metadata extraction skipped. No AppIntents.framework dependency found.

AppIntentsSSUTraining (in target 'App' from project 'App')
    cd /tmp/ergomatic-apple-native-paste/app/ios/App
    /Applications/Xcode.app/Contents/Developer/Toolchains/XcodeDefault.xctoolchain/usr/bin/appintentsnltrainingprocessor --infoplist-path /tmp/ergomatic-apple-native-dd.LChMlC/Build/Products/Debug-iphonesimulator/App.app/Info.plist --temp-dir-path /tmp/ergomatic-apple-native-dd.LChMlC/Build/Intermediates.noindex/App.build/Debug-iphonesimulator/App.build/ssu --bundle-id haus.waffle.ergomatic --product-path /tmp/ergomatic-apple-native-dd.LChMlC/Build/Products/Debug-iphonesimulator/App.app --extracted-metadata-path /tmp/ergomatic-apple-native-dd.LChMlC/Build/Products/Debug-iphonesimulator/App.app/Metadata.appintents --metadata-file-list /tmp/ergomatic-apple-native-dd.LChMlC/Build/Intermediates.noindex/App.build/Debug-iphonesimulator/App.build/App.DependencyMetadataFileList --source-file /tmp/ergomatic-apple-native-dd.LChMlC/Build/Products/Debug-iphonesimulator/App.app/Info.plist --archive-ssu-assets
2026-09-13 00:51:04.660 appintentsnltrainingprocessor[90816:6094762] Parsing options for appintentsnltrainingprocessor
2026-09-13 00:51:04.660 appintentsnltrainingprocessor[90816:6094762] Starting AppIntents SSU YAML Generation
2026-09-13 00:51:04.663 appintentsnltrainingprocessor[90816:6094762] No AppShortcuts found - Skipping.

RegisterExecutionPolicyException /tmp/ergomatic-apple-native-dd.LChMlC/Build/Products/Debug-iphonesimulator/App.app (in target 'App' from project 'App')
    cd /tmp/ergomatic-apple-native-paste/app/ios/App
    builtin-RegisterExecutionPolicyException /tmp/ergomatic-apple-native-dd.LChMlC/Build/Products/Debug-iphonesimulator/App.app

Validate /tmp/ergomatic-apple-native-dd.LChMlC/Build/Products/Debug-iphonesimulator/App.app (in target 'App' from project 'App')
    cd /tmp/ergomatic-apple-native-paste/app/ios/App
    builtin-validationUtility /tmp/ergomatic-apple-native-dd.LChMlC/Build/Products/Debug-iphonesimulator/App.app -shallow-bundle -infoplist-subpath Info.plist

Touch /tmp/ergomatic-apple-native-dd.LChMlC/Build/Products/Debug-iphonesimulator/App.app (in target 'App' from project 'App')
    cd /tmp/ergomatic-apple-native-paste/app/ios/App
    /usr/bin/touch -c /tmp/ergomatic-apple-native-dd.LChMlC/Build/Products/Debug-iphonesimulator/App.app

** BUILD SUCCEEDED **

    CODE_SIGN_ENTITLEMENTS = App/App.entitlements
    IPHONEOS_DEPLOYMENT_TARGET = 15.0
