
 RUN  v4.1.11 /private/tmp/ergomatic-apple-native-paste/app

 ❯ |unit| scripts/apple-auth-contract.test.ts (6 tests | 1 failed) 5ms
     × accepts only the server nonce and state and forwards both unchanged 3ms

 Test Files  1 failed (1)
      Tests  1 failed | 5 passed (6)
   Start at  00:00:58
   Duration  83ms (transform 9ms, setup 0ms, import 14ms, tests 5ms, environment 0ms)


⎯⎯⎯⎯⎯⎯⎯ Failed Tests 1 ⎯⎯⎯⎯⎯⎯⎯

 FAIL  |unit| scripts/apple-auth-contract.test.ts > AppleAuth native contract > accepts only the server nonce and state and forwards both unchanged
AssertionError: expected 'import AuthenticationServices\nimport…' to contain 'request.state = state'

- Expected
+ Received

- request.state = state
+ import AuthenticationServices
+ import Capacitor
+ import Foundation
+ import UIKit
+
+ private enum AppleAuthorizationOutcome {
+     case success(ASAuthorizationAppleIDCredential)
+     case invalidResponse
+     case failure(Error)
+ }
+
+ private final class AppleAuthorizationDelegate: NSObject,
+     ASAuthorizationControllerDelegate,
+     ASAuthorizationControllerPresentationContextProviding
+ {
+     private let anchor: ASPresentationAnchor
+     private let completion: (AppleAuthorizationOutcome) -> Void
+     private var completed = false
+
+     init(
+         anchor: ASPresentationAnchor,
+         completion: @escaping (AppleAuthorizationOutcome) -> Void
+     ) {
+         self.anchor = anchor
+         self.completion = completion
+     }
+
+     func presentationAnchor(
+         for controller: ASAuthorizationController
+     ) -> ASPresentationAnchor {
+         return anchor
+     }
+
+     func authorizationController(
+         controller: ASAuthorizationController,
+         didCompleteWithAuthorization authorization: ASAuthorization
+     ) {
+         guard !completed else { return }
+         completed = true
+         guard let credential = authorization.credential as? ASAuthorizationAppleIDCredential else {
+             completion(.invalidResponse)
+             return
+         }
+         completion(.success(credential))
+     }
+
+     func authorizationController(
+         controller: ASAuthorizationController,
+         didCompleteWithError error: Error
+     ) {
+         guard !completed else { return }
+         completed = true
+         completion(.failure(error))
+     }
+ }
+
+ @objc(AppleAuthPlugin)
+ public final class AppleAuthPlugin: CAPPlugin, CAPBridgedPlugin {
+     public let identifier = "AppleAuthPlugin"
+     public let jsName = "AppleAuth"
+     public let pluginMethods: [CAPPluginMethod] = [
+         CAPPluginMethod(name: "authorize", returnType: CAPPluginReturnPromise)
+     ]
+
+     // These references are main-thread confined. The controller's delegate and
+     // presentationContextProvider are weak, so the plugin must retain all three
+     // objects until the single terminal delegate callback.
+     private var activeController: ASAuthorizationController?
+     private var activeDelegate: AppleAuthorizationDelegate?
+     private var activeCall: CAPPluginCall?
+     private var activeToken: UUID?
+
+     @objc func authorize(_ call: CAPPluginCall) {
+         DispatchQueue.main.async { [weak self] in
+             guard let self = self else {
+                 call.reject("Apple authorization is unavailable", "authorizationFailed")
+                 return
+             }
+             self.authorizeOnMain(call)
+         }
+     }
+
+     private func authorizeOnMain(_ call: CAPPluginCall) {
+         guard activeController == nil else {
+             call.reject("An Apple authorization is already in flight", "busy")
+             return
+         }
+         guard let nonce = call.getString("nonce"), !nonce.isEmpty else {
+             call.reject("authorize requires a nonempty `nonce`", "badRequest")
+             return
+         }
+         guard let state = call.getString("state"), !state.isEmpty else {
+             call.reject("authorize requires a nonempty `state`", "badRequest")
+             return
+         }
+         guard let window = bridge?.viewController?.view.window else {
+             call.reject("No window can present Apple authorization", "noWindow")
+             return
+         }
+
+         let request = ASAuthorizationAppleIDProvider().createRequest()
+         request.requestedScopes = [.fullName, .email]
+         request.nonce = nonce
+         request.state = nonce
+
+         let token = UUID()
+         let delegate = AppleAuthorizationDelegate(anchor: window) { [weak self] outcome in
+             DispatchQueue.main.async {
+                 self?.finishActive(token: token, outcome: outcome)
+             }
+         }
+         let controller = ASAuthorizationController(authorizationRequests: [request])
+         controller.delegate = delegate
+         controller.presentationContextProvider = delegate
+
+         activeController = controller
+         activeDelegate = delegate
+         activeCall = call
+         activeToken = token
+         controller.performRequests()
+     }
+
+     private func finishActive(token: UUID, outcome: AppleAuthorizationOutcome) {
+         guard activeToken == token, let call = activeCall else { return }
+         clearActive()
+
+         switch outcome {
+         case .success(let credential):
+             guard
+                 let identityData = credential.identityToken,
+                 let idToken = String(data: identityData, encoding: .utf8),
+                 !idToken.isEmpty,
+                 let codeData = credential.authorizationCode,
+                 let authorizationCode = String(data: codeData, encoding: .utf8),
+                 !authorizationCode.isEmpty,
+                 let state = credential.state,
+                 !state.isEmpty
+             else {
+                 call.reject("Apple returned incomplete authorization proof", "invalidResponse")
+                 return
+             }
+
+             var result: JSObject = [
+                 "idToken": idToken,
+                 "authorizationCode": authorizationCode,
+                 "state": state,
+             ]
+             if let name = displayName(from: credential.fullName) {
+                 result["name"] = name
+             }
+             call.resolve(result)
+
+         case .invalidResponse:
+             call.reject("Apple returned an unsupported credential", "invalidResponse")
+
+         case .failure(let error):
+             let nsError = error as NSError
+             if nsError.domain == ASAuthorizationError.errorDomain,
+                nsError.code == ASAuthorizationError.canceled.rawValue {
+                 call.reject("Apple authorization was cancelled", "cancelled")
+             } else {
+                 call.reject("Apple authorization failed", "authorizationFailed")
+             }
+         }
+     }
+
+     private func displayName(from components: PersonNameComponents?) -> String? {
+         guard let components = components else { return nil }
+         let name = PersonNameComponentsFormatter()
+             .string(from: components)
+             .trimmingCharacters(in: .whitespacesAndNewlines)
+         return name.isEmpty ? nil : name
+     }
+
+     private func clearActive() {
+         activeController = nil
+         activeDelegate = nil
+         activeCall = nil
+         activeToken = nil
+     }
+ }
+

 ❯ scripts/apple-auth-contract.test.ts:62:19
     60|     ]);
     61|     expect(swift).toContain("request.nonce = nonce");
     62|     expect(swift).toContain("request.state = state");
       |                   ^
     63|   });
     64|

⎯⎯⎯⎯⎯⎯⎯⎯⎯⎯⎯⎯⎯⎯⎯⎯⎯⎯⎯⎯⎯⎯⎯⎯[1/1]⎯

