{
  "mutant": false,
  "cases": [
    {
      "purpose": "signin",
      "waits": [
        {
          "pid": 86,
          "wait_event_type": "Lock",
          "wait_event": "transactionid",
          "query": "DELETE FROM auth_attempts WHERE id=$1 AND binding_hash=$2 AND surface=$3 AND purpose=$4 AND target_provider=$5 AND existing_provider IS NOT DISTINCT FROM $6 AND stage=$7 AND version=$8 AND state=$9 AND nonce=$10 AND original_session_id IS NOT DISTINCT FROM $11"
        }
      ],
      "settledBeforeCommit": false,
      "discardDeleted": false,
      "winnerStage": "confirm",
      "winnerVersion": 3,
      "after": [
        {
          "stage": "confirm",
          "version": 3,
          "apple_refresh_token": "retained-synthetic-grant"
        }
      ],
      "elapsedMs": 5.662125000000003
    },
    {
      "purpose": "link",
      "waits": [
        {
          "pid": 86,
          "wait_event_type": "Lock",
          "wait_event": "transactionid",
          "query": "DELETE FROM auth_attempts WHERE id=$1 AND binding_hash=$2 AND surface=$3 AND purpose=$4 AND target_provider=$5 AND existing_provider IS NOT DISTINCT FROM $6 AND stage=$7 AND version=$8 AND state=$9 AND nonce=$10 AND original_session_id IS NOT DISTINCT FROM $11"
        }
      ],
      "settledBeforeCommit": false,
      "discardDeleted": false,
      "winnerStage": "target_authorize",
      "winnerVersion": 3,
      "after": [
        {
          "stage": "target_authorize",
          "version": 3,
          "apple_refresh_token": null
        }
      ],
      "elapsedMs": 1.3968340000000126
    }
  ],
  "parentLock": {
    "childDeleted": true,
    "timedOut": false,
    "elapsedMs": 0.562958999999978
  }
}
