{
  "mutant": true,
  "cases": [
    {
      "purpose": "signin",
      "waits": [
        {
          "pid": 93,
          "wait_event_type": "Lock",
          "wait_event": "transactionid",
          "query": "DELETE FROM auth_attempts WHERE id=$1 AND binding_hash=$2 AND surface=$3"
        }
      ],
      "settledBeforeCommit": false,
      "discardDeleted": true,
      "winnerStage": "confirm",
      "winnerVersion": 3,
      "after": [],
      "elapsedMs": 4.391834000000017
    },
    {
      "purpose": "link",
      "waits": [
        {
          "pid": 93,
          "wait_event_type": "Lock",
          "wait_event": "transactionid",
          "query": "DELETE FROM auth_attempts WHERE id=$1 AND binding_hash=$2 AND surface=$3"
        }
      ],
      "settledBeforeCommit": false,
      "discardDeleted": true,
      "winnerStage": "target_authorize",
      "winnerVersion": 3,
      "after": [],
      "elapsedMs": 1.2658340000000408
    }
  ],
  "parentLock": {
    "childDeleted": true,
    "timedOut": false,
    "elapsedMs": 0.5472079999999551
  }
}
node:internal/modules/run_main:107
    triggerUncaughtException(
    ^

AssertionError [ERR_ASSERTION]: stale discard must preserve the winner

true !== false

    at <anonymous> (/private/tmp/apple-dba-discard/held.ts:18:104)
    at process.processTicksAndRejections (node:internal/process/task_queues:104:5) {
  generatedMessage: false,
  code: 'ERR_ASSERTION',
  actual: true,
  expected: false,
  operator: 'strictEqual',
  diff: 'simple'
}

Node.js v26.5.0
