$ bash scripts/e2e.sh -g 'a lost finalize response reports uncertainty without claiming failure or success'
stack: ergomatic-62230 (web :8330, pg :15330)
time="2026-09-13T01:42:59-04:00" level=warning msg="The \"CLOUDFLARE_TUNNEL_TOKEN\" variable is not set. Defaulting to a blank string."
 Image ergomatic-62230-api Building 
 Image ergomatic-62230-web Building 
#1 [internal] load local bake definitions
#1 reading from stdin 1.39kB done
#1 DONE 0.0s

#2 [web internal] load build definition from Dockerfile
#2 transferring dockerfile: 1.96kB done
#2 DONE 0.0s

#3 [web internal] load metadata for docker.io/library/node:26.5.0-slim
#3 DONE 0.0s

#4 [web internal] load metadata for docker.io/nginxinc/nginx-unprivileged:1.30.4-alpine
#4 DONE 0.0s

#5 [api internal] load .dockerignore
#5 transferring context: 86B done
#5 DONE 0.0s

#6 [web web 1/3] FROM docker.io/nginxinc/nginx-unprivileged:1.30.4-alpine@sha256:44e36330f74d4f3a1d4e222acca9e23b401fb87811a7597024502bb759c4dd49
#6 resolve docker.io/nginxinc/nginx-unprivileged:1.30.4-alpine@sha256:44e36330f74d4f3a1d4e222acca9e23b401fb87811a7597024502bb759c4dd49 done
#6 DONE 0.0s

#7 [web build 1/8] FROM docker.io/library/node:26.5.0-slim@sha256:715e55e4b84e4bb0ff48e49b398a848f08e55daed8eb6a0ea1839ae53bc57583
#7 resolve docker.io/library/node:26.5.0-slim@sha256:715e55e4b84e4bb0ff48e49b398a848f08e55daed8eb6a0ea1839ae53bc57583 done
#7 DONE 0.0s

#8 [web internal] load build context
#8 transferring context: 583.03kB 0.0s done
#8 DONE 0.0s

#9 [web build 3/8] WORKDIR /app
#9 CACHED

#10 [web build 4/8] COPY package.json pnpm-lock.yaml pnpm-workspace.yaml ./
#10 CACHED

#11 [web build 5/8] COPY patches ./patches
#11 CACHED

#12 [web build 2/8] RUN npm install -g pnpm@11.17.0
#12 CACHED

#13 [api build 6/8] RUN pnpm install --frozen-lockfile
#13 CACHED

#14 [api build 7/8] COPY . .
#14 DONE 0.1s

#15 [api build 8/8] RUN pnpm build
#15 0.534 ✓ Lockfile passes supply-chain policies (verified 4d ago)
#15 0.538 Lockfile is up to date, resolution step is skipped
#15 0.581 Already up to date
#15 0.796 
#15 0.796    ╭─────────────────────────────────────────╮
#15 0.796    │                                         │
#15 0.796    │   Update available! 11.17.0 → 12.4.1.   │
#15 0.796    │   Changelog: https://pnpm.io/v/12.4.1   │
#15 0.796    │    To update, run: pnpm add -g pnpm     │
#15 0.796    │                                         │
#15 0.796    ╰─────────────────────────────────────────╯
#15 0.796 
#15 0.874 
#15 0.898 Done in 593ms using pnpm v11.17.0
#15 0.907 $ tsc -b && vite build && tsc -p tsconfig.server.build.json
#15 6.228 vite v8.2.2 building client environment for production...
#15 6.232 transforming...
#15 6.301 ✓ 335 modules transformed.
#15 6.332 rendering chunks...
#15 6.384 computing gzip size...
#15 6.392 dist/client/index.html                                                     0.56 kB │ gzip:   0.33 kB
#15 6.392 dist/client/assets/archivo-vietnamese-600-normal-anCjMumA.woff2            5.19 kB
#15 6.392 dist/client/assets/newsreader-vietnamese-500-normal-CL6a8tp2.woff2         5.43 kB
#15 6.392 dist/client/assets/ibm-plex-mono-vietnamese-500-normal-C8zxqsMH.woff       5.61 kB
#15 6.392 dist/client/assets/ibm-plex-mono-vietnamese-400-normal-DDuiU_S-.woff       5.62 kB
#15 6.392 dist/client/assets/archivo-vietnamese-500-normal-k0drYPZA.woff2            5.65 kB
#15 6.392 dist/client/assets/archivo-vietnamese-400-normal-BF4g3tCF.woff2            5.67 kB
#15 6.392 dist/client/assets/ibm-plex-mono-vietnamese-600-normal-iLQfcSjf.woff       5.71 kB
#15 6.392 dist/client/assets/ibm-plex-mono-cyrillic-ext-500-normal-BIfNGwUT.woff     5.77 kB
#15 6.392 dist/client/assets/ibm-plex-mono-cyrillic-ext-600-normal-9HEixskS.woff     5.79 kB
#15 6.392 dist/client/assets/ibm-plex-mono-cyrillic-ext-400-normal-DMdlQ8Kv.woff     5.82 kB
#15 6.392 dist/client/assets/ibm-plex-mono-vietnamese-400-normal-BulugwFq.woff2      5.86 kB
#15 6.392 dist/client/assets/ibm-plex-mono-vietnamese-500-normal-DZ4AoWbu.woff2      6.04 kB
#15 6.392 dist/client/assets/ibm-plex-mono-cyrillic-ext-400-normal-xuaO2J-f.woff2    6.91 kB
#15 6.392 dist/client/assets/ibm-plex-mono-vietnamese-600-normal-D2EvbN8M.woff2      6.93 kB
#15 6.392 dist/client/assets/ibm-plex-mono-cyrillic-ext-500-normal-BqneJy0T.woff2    6.97 kB
#15 6.392 dist/client/assets/newsreader-vietnamese-500-normal-BEAbKU8A.woff          7.03 kB
#15 6.392 dist/client/assets/ibm-plex-mono-cyrillic-400-normal-CEL4l2ZJ.woff         7.20 kB
#15 6.392 dist/client/assets/ibm-plex-mono-cyrillic-500-normal-Ael50iVv.woff         7.20 kB
#15 6.392 dist/client/assets/ibm-plex-mono-cyrillic-600-normal-fLZuRloM.woff         7.26 kB
#15 6.392 dist/client/assets/archivo-vietnamese-600-normal-C8xBVdfP.woff             7.38 kB
#15 6.392 dist/client/assets/archivo-vietnamese-500-normal-7W3lD2kQ.woff             7.66 kB
#15 6.392 dist/client/assets/archivo-vietnamese-400-normal-FGOLYM1a.woff             7.68 kB
#15 6.392 dist/client/assets/ibm-plex-mono-cyrillic-ext-600-normal-V-xxqcpd.woff2    7.69 kB
#15 6.392 dist/client/assets/ibm-plex-mono-cyrillic-400-normal-BSMlKf0J.woff2        8.35 kB
#15 6.392 dist/client/assets/ibm-plex-mono-cyrillic-500-normal-Bq9vWWag.woff2        8.46 kB
#15 6.392 dist/client/assets/ibm-plex-mono-cyrillic-600-normal-CTOM6hUh.woff2        9.35 kB
#15 6.392 dist/client/assets/ibm-plex-mono-latin-ext-400-normal-D3D2R8hC.woff       11.76 kB
#15 6.392 dist/client/assets/ibm-plex-mono-latin-ext-500-normal-CZ70TYgx.woff       11.76 kB
#15 6.392 dist/client/assets/ibm-plex-mono-latin-ext-600-normal-DmB0ttJJ.woff       11.83 kB
#15 6.392 dist/client/assets/archivo-latin-ext-600-normal-Dm61iqcg.woff2            12.38 kB
#15 6.392 dist/client/assets/archivo-latin-ext-400-normal-B5tPZzqW.woff2            12.92 kB
#15 6.392 dist/client/assets/ibm-plex-mono-latin-400-normal-CvHOgSBP.woff           13.14 kB
#15 6.392 dist/client/assets/ibm-plex-mono-latin-500-normal-CB9ihrfo.woff           13.15 kB
#15 6.392 dist/client/assets/archivo-latin-ext-500-normal-RFhg4CpD.woff2            13.16 kB
#15 6.392 dist/client/assets/ibm-plex-mono-latin-600-normal-DWFSQ4vo.woff           13.20 kB
#15 6.392 dist/client/assets/ibm-plex-mono-latin-ext-400-normal-BmRBH3aV.woff2      13.34 kB
#15 6.392 dist/client/assets/ibm-plex-mono-latin-ext-500-normal-CAhNIIs5.woff2      13.43 kB
#15 6.392 dist/client/assets/archivo-latin-600-normal-3BBy0ZsW.woff2                13.82 kB
#15 6.392 dist/client/assets/ibm-plex-mono-latin-ext-600-normal-D38SheWl.woff2      14.32 kB
#15 6.392 dist/client/assets/archivo-latin-500-normal-CGugC8dq.woff2                14.60 kB
#15 6.392 dist/client/assets/archivo-latin-400-normal-C81ewxNO.woff2                14.70 kB
#15 6.392 dist/client/assets/ibm-plex-mono-latin-400-normal-DMJ8VG8y.woff2          14.70 kB
#15 6.392 dist/client/assets/ibm-plex-mono-latin-500-normal-DSY6xOcd.woff2          14.88 kB
#15 6.392 dist/client/assets/newsreader-latin-ext-500-normal-BNHmvKvI.woff2         15.06 kB
#15 6.392 dist/client/assets/ibm-plex-mono-latin-600-normal-BgSNZQsw.woff2          15.62 kB
#15 6.392 dist/client/assets/archivo-latin-ext-600-normal-D7uErJuz.woff             17.72 kB
#15 6.392 dist/client/assets/archivo-latin-ext-400-normal-DrmqtLj6.woff             17.98 kB
#15 6.392 dist/client/assets/archivo-latin-600-normal-DwYieO8P.woff                 18.20 kB
#15 6.392 dist/client/assets/archivo-latin-ext-500-normal-D7mXw3Kz.woff             18.29 kB
#15 6.392 dist/client/assets/archivo-latin-400-normal-Bl602Mgc.woff                 18.97 kB
#15 6.392 dist/client/assets/archivo-latin-500-normal-pkzA7jw9.woff                 18.98 kB
#15 6.392 dist/client/assets/newsreader-latin-ext-500-normal-CZruMFou.woff          19.29 kB
#15 6.392 dist/client/assets/newsreader-latin-500-normal-B66TYsaK.woff2             23.62 kB
#15 6.392 dist/client/assets/newsreader-latin-500-normal-DFwuUcdu.woff              29.63 kB
#15 6.392 dist/client/assets/index-NeajD2YL.css                                    119.83 kB │ gzip:  17.95 kB
#15 6.392 dist/client/assets/webAuth-Ch6J0S-C.js                                     0.07 kB │ gzip:   0.08 kB
#15 6.392 dist/client/assets/appleAuth-C-55XkHU.js                                   0.08 kB │ gzip:   0.09 kB
#15 6.392 dist/client/assets/appSettings-DBE1tzCf.js                                 0.11 kB │ gzip:   0.11 kB
#15 6.392 dist/client/assets/keepAwake-DD7uM7og.js                                   0.45 kB │ gzip:   0.29 kB
#15 6.392 dist/client/assets/appLifecycle-B765hteP.js                                0.52 kB │ gzip:   0.34 kB
#15 6.392 dist/client/assets/keyboard-Cx1VmE8N.js                                    0.57 kB │ gzip:   0.37 kB
#15 6.392 dist/client/assets/haptics-CqwmbhYo.js                                     0.59 kB │ gzip:   0.39 kB
#15 6.392 dist/client/assets/native-DYqAfl5_.js                                      0.72 kB │ gzip:   0.33 kB
#15 6.392 dist/client/assets/web-U_BiaQxx.js                                         0.76 kB │ gzip:   0.38 kB
#15 6.392 dist/client/assets/web-szr0shcW.js                                         0.77 kB │ gzip:   0.35 kB
#15 6.392 dist/client/assets/web-B9dskbiE.js                                         0.84 kB │ gzip:   0.40 kB
#15 6.392 dist/client/assets/web-Bd-D2HTp.js                                         0.92 kB │ gzip:   0.46 kB
#15 6.392 dist/client/assets/web-DbKzwR46.js                                         1.15 kB │ gzip:   0.46 kB
#15 6.392 dist/client/assets/session-KxF8Aqdz.js                                     1.39 kB │ gzip:   0.62 kB
#15 6.392 dist/client/assets/base-BtkXumzC.js                                        2.53 kB │ gzip:   0.92 kB
#15 6.392 dist/client/assets/nfc-B-soS0po.js                                         3.11 kB │ gzip:   1.31 kB
#15 6.392 dist/client/assets/capacitorBle-CiNzthYB.js                                6.67 kB │ gzip:   2.64 kB
#15 6.392 dist/client/assets/web-N6SAC-9G.js                                         7.67 kB │ gzip:   2.24 kB
#15 6.392 dist/client/assets/dist-Dhrj-3P3.js                                        7.75 kB │ gzip:   3.09 kB
#15 6.392 dist/client/assets/esm-C6X4Wo9a.js                                         8.63 kB │ gzip:   2.42 kB
#15 6.392 dist/client/assets/web--PUXHrVN.js                                        13.30 kB │ gzip:   3.94 kB
#15 6.392 dist/client/assets/signin-52s9NLDy.js                                     45.90 kB │ gzip:  11.71 kB
#15 6.392 dist/client/assets/index-C7G0XvQT.js                                     736.63 kB │ gzip: 222.44 kB
#15 6.392 
#15 6.392 ✓ built in 163ms
#15 6.392 [plugin builtin:vite-reporter] 
#15 6.392 (!) Some chunks are larger than 500 kB after minification. Consider:
#15 6.392 - Using dynamic import() to code-split the application
#15 6.392 - Use build.rolldownOptions.output.codeSplitting to improve chunking: https://rolldown.rs/reference/OutputOptions.codeSplitting
#15 6.392 - Adjust chunk size limit for this warning via build.chunkSizeWarningLimit.
#15 DONE 7.6s

#16 [web build 8/8] RUN pnpm build
#16 0.534 ✓ Lockfile passes supply-chain policies (verified 4d ago)
#16 0.538 Lockfile is up to date, resolution step is skipped
#16 0.582 Already up to date
#16 0.793 
#16 0.793    ╭─────────────────────────────────────────╮
#16 0.793    │                                         │
#16 0.793    │   Update available! 11.17.0 → 12.4.1.   │
#16 0.793    │   Changelog: https://pnpm.io/v/12.4.1   │
#16 0.793    │    To update, run: pnpm add -g pnpm     │
#16 0.793    │                                         │
#16 0.793    ╰─────────────────────────────────────────╯
#16 0.793 
#16 0.867 
#16 0.892 Done in 589ms using pnpm v11.17.0
#16 0.902 $ tsc -b && vite build && tsc -p tsconfig.server.build.json
#16 6.225 vite v8.2.2 building client environment for production...
#16 6.228 transforming...
#16 6.287 ✓ 341 modules transformed.
#16 6.319 rendering chunks...
#16 6.373 computing gzip size...
#16 6.379 dist/client/index.html                                                     0.56 kB │ gzip:   0.33 kB
#16 6.379 dist/client/assets/archivo-vietnamese-600-normal-anCjMumA.woff2            5.19 kB
#16 6.379 dist/client/assets/newsreader-vietnamese-500-normal-CL6a8tp2.woff2         5.43 kB
#16 6.379 dist/client/assets/ibm-plex-mono-vietnamese-500-normal-C8zxqsMH.woff       5.61 kB
#16 6.379 dist/client/assets/ibm-plex-mono-vietnamese-400-normal-DDuiU_S-.woff       5.62 kB
#16 6.379 dist/client/assets/archivo-vietnamese-500-normal-k0drYPZA.woff2            5.65 kB
#16 6.379 dist/client/assets/archivo-vietnamese-400-normal-BF4g3tCF.woff2            5.67 kB
#16 6.379 dist/client/assets/ibm-plex-mono-vietnamese-600-normal-iLQfcSjf.woff       5.71 kB
#16 6.379 dist/client/assets/ibm-plex-mono-cyrillic-ext-500-normal-BIfNGwUT.woff     5.77 kB
#16 6.379 dist/client/assets/ibm-plex-mono-cyrillic-ext-600-normal-9HEixskS.woff     5.79 kB
#16 6.379 dist/client/assets/ibm-plex-mono-cyrillic-ext-400-normal-DMdlQ8Kv.woff     5.82 kB
#16 6.379 dist/client/assets/ibm-plex-mono-vietnamese-400-normal-BulugwFq.woff2      5.86 kB
#16 6.379 dist/client/assets/ibm-plex-mono-vietnamese-500-normal-DZ4AoWbu.woff2      6.04 kB
#16 6.379 dist/client/assets/ibm-plex-mono-cyrillic-ext-400-normal-xuaO2J-f.woff2    6.91 kB
#16 6.379 dist/client/assets/ibm-plex-mono-vietnamese-600-normal-D2EvbN8M.woff2      6.93 kB
#16 6.379 dist/client/assets/ibm-plex-mono-cyrillic-ext-500-normal-BqneJy0T.woff2    6.97 kB
#16 6.379 dist/client/assets/newsreader-vietnamese-500-normal-BEAbKU8A.woff          7.03 kB
#16 6.379 dist/client/assets/ibm-plex-mono-cyrillic-400-normal-CEL4l2ZJ.woff         7.20 kB
#16 6.379 dist/client/assets/ibm-plex-mono-cyrillic-500-normal-Ael50iVv.woff         7.20 kB
#16 6.379 dist/client/assets/ibm-plex-mono-cyrillic-600-normal-fLZuRloM.woff         7.26 kB
#16 6.379 dist/client/assets/archivo-vietnamese-600-normal-C8xBVdfP.woff             7.38 kB
#16 6.379 dist/client/assets/archivo-vietnamese-500-normal-7W3lD2kQ.woff             7.66 kB
#16 6.379 dist/client/assets/archivo-vietnamese-400-normal-FGOLYM1a.woff             7.68 kB
#16 6.379 dist/client/assets/ibm-plex-mono-cyrillic-ext-600-normal-V-xxqcpd.woff2    7.69 kB
#16 6.379 dist/client/assets/ibm-plex-mono-cyrillic-400-normal-BSMlKf0J.woff2        8.35 kB
#16 6.379 dist/client/assets/ibm-plex-mono-cyrillic-500-normal-Bq9vWWag.woff2        8.46 kB
#16 6.379 dist/client/assets/ibm-plex-mono-cyrillic-600-normal-CTOM6hUh.woff2        9.35 kB
#16 6.379 dist/client/assets/ibm-plex-mono-latin-ext-400-normal-D3D2R8hC.woff       11.76 kB
#16 6.379 dist/client/assets/ibm-plex-mono-latin-ext-500-normal-CZ70TYgx.woff       11.76 kB
#16 6.379 dist/client/assets/ibm-plex-mono-latin-ext-600-normal-DmB0ttJJ.woff       11.83 kB
#16 6.379 dist/client/assets/archivo-latin-ext-600-normal-Dm61iqcg.woff2            12.38 kB
#16 6.379 dist/client/assets/archivo-latin-ext-400-normal-B5tPZzqW.woff2            12.92 kB
#16 6.379 dist/client/assets/ibm-plex-mono-latin-400-normal-CvHOgSBP.woff           13.14 kB
#16 6.379 dist/client/assets/ibm-plex-mono-latin-500-normal-CB9ihrfo.woff           13.15 kB
#16 6.379 dist/client/assets/archivo-latin-ext-500-normal-RFhg4CpD.woff2            13.16 kB
#16 6.379 dist/client/assets/ibm-plex-mono-latin-600-normal-DWFSQ4vo.woff           13.20 kB
#16 6.379 dist/client/assets/ibm-plex-mono-latin-ext-400-normal-BmRBH3aV.woff2      13.34 kB
#16 6.379 dist/client/assets/ibm-plex-mono-latin-ext-500-normal-CAhNIIs5.woff2      13.43 kB
#16 6.379 dist/client/assets/archivo-latin-600-normal-3BBy0ZsW.woff2                13.82 kB
#16 6.379 dist/client/assets/ibm-plex-mono-latin-ext-600-normal-D38SheWl.woff2      14.32 kB
#16 6.379 dist/client/assets/archivo-latin-500-normal-CGugC8dq.woff2                14.60 kB
#16 6.379 dist/client/assets/archivo-latin-400-normal-C81ewxNO.woff2                14.70 kB
#16 6.379 dist/client/assets/ibm-plex-mono-latin-400-normal-DMJ8VG8y.woff2          14.70 kB
#16 6.379 dist/client/assets/ibm-plex-mono-latin-500-normal-DSY6xOcd.woff2          14.88 kB
#16 6.379 dist/client/assets/newsreader-latin-ext-500-normal-BNHmvKvI.woff2         15.06 kB
#16 6.379 dist/client/assets/ibm-plex-mono-latin-600-normal-BgSNZQsw.woff2          15.62 kB
#16 6.379 dist/client/assets/archivo-latin-ext-600-normal-D7uErJuz.woff             17.72 kB
#16 6.379 dist/client/assets/archivo-latin-ext-400-normal-DrmqtLj6.woff             17.98 kB
#16 6.379 dist/client/assets/archivo-latin-600-normal-DwYieO8P.woff                 18.20 kB
#16 6.379 dist/client/assets/archivo-latin-ext-500-normal-D7mXw3Kz.woff             18.29 kB
#16 6.379 dist/client/assets/archivo-latin-400-normal-Bl602Mgc.woff                 18.97 kB
#16 6.379 dist/client/assets/archivo-latin-500-normal-pkzA7jw9.woff                 18.98 kB
#16 6.379 dist/client/assets/newsreader-latin-ext-500-normal-CZruMFou.woff          19.29 kB
#16 6.379 dist/client/assets/newsreader-latin-500-normal-B66TYsaK.woff2             23.62 kB
#16 6.379 dist/client/assets/newsreader-latin-500-normal-DFwuUcdu.woff              29.63 kB
#16 6.379 dist/client/assets/index-NeajD2YL.css                                    119.83 kB │ gzip:  17.95 kB
#16 6.379 dist/client/assets/webAuth-Ch6J0S-C.js                                     0.07 kB │ gzip:   0.08 kB
#16 6.379 dist/client/assets/appleAuth-C-55XkHU.js                                   0.08 kB │ gzip:   0.09 kB
#16 6.379 dist/client/assets/appSettings-4zDHJCtW.js                                 0.11 kB │ gzip:   0.11 kB
#16 6.379 dist/client/assets/keepAwake-BaaBVVsI.js                                   0.45 kB │ gzip:   0.29 kB
#16 6.379 dist/client/assets/appLifecycle-DDlT8zAL.js                                0.52 kB │ gzip:   0.34 kB
#16 6.379 dist/client/assets/keyboard-Cx1VmE8N.js                                    0.57 kB │ gzip:   0.37 kB
#16 6.379 dist/client/assets/haptics-CijsL_Ux.js                                     0.59 kB │ gzip:   0.39 kB
#16 6.379 dist/client/assets/native-B6zlscYz.js                                      0.72 kB │ gzip:   0.33 kB
#16 6.379 dist/client/assets/web-ABF4DIdv.js                                         0.76 kB │ gzip:   0.38 kB
#16 6.379 dist/client/assets/web-szr0shcW.js                                         0.77 kB │ gzip:   0.35 kB
#16 6.379 dist/client/assets/nfcBridge-BxkFL8oB.js                                   0.79 kB │ gzip:   0.37 kB
#16 6.379 dist/client/assets/web-B9dskbiE.js                                         0.84 kB │ gzip:   0.40 kB
#16 6.379 dist/client/assets/web-DktPqUWT.js                                         0.92 kB │ gzip:   0.46 kB
#16 6.379 dist/client/assets/web-DbKzwR46.js                                         1.15 kB │ gzip:   0.46 kB
#16 6.379 dist/client/assets/scriptedNfcReader-DrpL3HZw.js                           1.20 kB │ gzip:   0.66 kB
#16 6.379 dist/client/assets/session-BaKyIcFu.js                                     1.39 kB │ gzip:   0.62 kB
#16 6.379 dist/client/assets/holdOpen-ilcYRCoA.js                                    1.82 kB │ gzip:   0.86 kB
#16 6.379 dist/client/assets/JustRowObserver-BeVfY3Rg.js                             2.30 kB │ gzip:   0.95 kB
#16 6.379 dist/client/assets/nfc-7XVAKGvT.js                                         2.37 kB │ gzip:   1.08 kB
#16 6.379 dist/client/assets/recording-BOSsStQe.js                                   2.39 kB │ gzip:   1.14 kB
#16 6.379 dist/client/assets/base-4HWKlJw0.js                                        2.53 kB │ gzip:   0.92 kB
#16 6.379 dist/client/assets/capacitorBle-Dfprsfc6.js                                6.67 kB │ gzip:   2.64 kB
#16 6.379 dist/client/assets/web-N6doWtgv.js                                         7.67 kB │ gzip:   2.24 kB
#16 6.379 dist/client/assets/dist-Dhrj-3P3.js                                        7.75 kB │ gzip:   3.09 kB
#16 6.379 dist/client/assets/esm-BE_D8h2L.js                                         8.63 kB │ gzip:   2.42 kB
#16 6.379 dist/client/assets/web-d6QpofSB.js                                        13.30 kB │ gzip:   3.94 kB
#16 6.379 dist/client/assets/fake-Jlcpfs46.js                                       14.75 kB │ gzip:   5.09 kB
#16 6.379 dist/client/assets/signin-CGJJ6z1v.js                                     45.90 kB │ gzip:  11.70 kB
#16 6.379 dist/client/assets/index-BfMDVhUd.js                                     739.35 kB │ gzip: 223.42 kB
#16 6.379 
#16 6.380 ✓ built in 155ms
#16 6.380 [plugin builtin:vite-reporter] 
#16 6.380 (!) Some chunks are larger than 500 kB after minification. Consider:
#16 6.380 - Using dynamic import() to code-split the application
#16 6.380 - Use build.rolldownOptions.output.codeSplitting to improve chunking: https://rolldown.rs/reference/OutputOptions.codeSplitting
#16 6.380 - Adjust chunk size limit for this warning via build.chunkSizeWarningLimit.
#16 DONE 7.6s

#17 [web web 2/3] COPY nginx.conf /etc/nginx/conf.d/default.conf
#17 CACHED

#18 [web web 3/3] COPY --from=build /app/dist/client /usr/share/nginx/html
#18 CACHED

#19 [web] exporting to image
#19 exporting layers done
#19 exporting manifest sha256:d9fc8b63cffe9ecc14dd09b0efa98c322ab24471ab8adb5a7e7298c76a19a316 done
#19 exporting config sha256:e35059e4fa96ab52effb6e197d28153c7e31c7b5928bd5d2cd8f83c28118da8e done
#19 exporting attestation manifest sha256:a5fa408c52c71b241399d300d9af38b85afe8b046246d705d7641b2594cea1c2 done
#19 exporting manifest list sha256:5dfe882ec8a3ac38119531de9e93aa1f2d317dd13f1fbab357ba7f6806a4fd44 done
#19 naming to docker.io/library/ergomatic-62230-web:latest done
#19 unpacking to docker.io/library/ergomatic-62230-web:latest 0.0s done
#19 DONE 0.1s

#20 [web] resolving provenance for metadata file
#20 DONE 0.0s

#21 [api api 7/8] COPY --from=build /app/dist/server ./dist/server
#21 CACHED

#22 [api api 6/8] RUN pnpm install --frozen-lockfile --prod
#22 CACHED

#23 [api api 8/8] COPY --from=build /app/drizzle ./drizzle
#23 CACHED

#24 [api] exporting to image
#24 exporting layers done
#24 exporting manifest sha256:4a2f14c9152501ad49e9b9f19fede27aab1d897c58016259cbd873ed580581b5 done
#24 exporting config sha256:cc6dd2b967dcf76a87aff0a50646dd552dd40db3a2572716b629d2454497e34d done
#24 exporting attestation manifest sha256:d477609265ead3f2031c7ae8ec5eab68eb8ca71739099d053e11bd7060d24b26 done
#24 exporting manifest list sha256:da91e189f0e532887604c9b2dd95338b2c6748f598181be9890f98f02497ab7c done
#24 naming to docker.io/library/ergomatic-62230-api:latest done
#24 unpacking to docker.io/library/ergomatic-62230-api:latest done
#24 DONE 0.1s

#25 [api] resolving provenance for metadata file
#25 DONE 0.0s
 Image ergomatic-62230-api Built 
 Image ergomatic-62230-web Built 
 Network ergomatic-62230_default Creating 
 Network ergomatic-62230_default Created 
 Container ergomatic-62230-postgres Creating 
 Container ergomatic-62230-postgres Created 
 Container ergomatic-62230-api Creating 
 Container ergomatic-62230-api Created 
 Container ergomatic-62230-web Creating 
 Container ergomatic-62230-web Created 
 Container ergomatic-62230-postgres Starting 
 Container ergomatic-62230-postgres Started 
 Container ergomatic-62230-postgres Waiting 
 Container ergomatic-62230-postgres Healthy 
 Container ergomatic-62230-api Starting 
 Container ergomatic-62230-api Started 
 Container ergomatic-62230-api Waiting 
 Container ergomatic-62230-api Healthy 
 Container ergomatic-62230-web Starting 
 Container ergomatic-62230-web Started 
 Container ergomatic-62230-postgres Waiting 
 Container ergomatic-62230-api Waiting 
 Container ergomatic-62230-web Waiting 
 Container ergomatic-62230-postgres Healthy 
 Container ergomatic-62230-api Healthy 
 Container ergomatic-62230-web Healthy 

Running 1 test using 1 worker

(node:34323) Warning: The 'NO_COLOR' env is ignored due to the 'FORCE_COLOR' env being set.
(Use `node --trace-warnings ...` to show where the warning was created)


[1/1] [chromium] › e2e/appleAuth.spec.ts:221:1 › a lost finalize response reports uncertainty without claiming failure or success
  1 passed (831ms)
time="2026-09-13T01:43:25-04:00" level=warning msg="The \"CLOUDFLARE_TUNNEL_TOKEN\" variable is not set. Defaulting to a blank string."
 Container ergomatic-62230-web Stopping 
 Container ergomatic-62230-web Stopped 
 Container ergomatic-62230-web Removing 
 Container ergomatic-62230-web Removed 
 Container ergomatic-62230-api Stopping 
 Container ergomatic-62230-api Stopped 
 Container ergomatic-62230-api Removing 
 Container ergomatic-62230-api Removed 
 Container ergomatic-62230-postgres Stopping 
 Container ergomatic-62230-postgres Stopped 
 Container ergomatic-62230-postgres Removing 
 Container ergomatic-62230-postgres Removed 
 Network ergomatic-62230_default Removing 
 Network ergomatic-62230_default Removed 
