$ bash scripts/e2e.sh -g 'a cancelled link return sends the rower to You once and releases ordinary navigation'
stack: ergomatic-62230 (web :8330, pg :15330)
time="2026-09-13T02:09:55-04:00" level=warning msg="The \"CLOUDFLARE_TUNNEL_TOKEN\" variable is not set. Defaulting to a blank string."
 Image ergomatic-62230-web Building 
 Image ergomatic-62230-api Building 
#1 [internal] load local bake definitions
#1 reading from stdin 1.39kB done
#1 DONE 0.0s

#2 [web internal] load build definition from Dockerfile
#2 transferring dockerfile: 1.96kB done
#2 DONE 0.0s

#3 [web internal] load metadata for docker.io/library/node:26.5.0-slim
#3 DONE 0.0s

#4 [web internal] load metadata for docker.io/nginxinc/nginx-unprivileged:1.30.4-alpine
#4 DONE 0.0s

#5 [api internal] load .dockerignore
#5 transferring context: 86B done
#5 DONE 0.0s

#6 [web web 1/3] FROM docker.io/nginxinc/nginx-unprivileged:1.30.4-alpine@sha256:44e36330f74d4f3a1d4e222acca9e23b401fb87811a7597024502bb759c4dd49
#6 resolve docker.io/nginxinc/nginx-unprivileged:1.30.4-alpine@sha256:44e36330f74d4f3a1d4e222acca9e23b401fb87811a7597024502bb759c4dd49 done
#6 DONE 0.0s

#7 [api build 1/8] FROM docker.io/library/node:26.5.0-slim@sha256:715e55e4b84e4bb0ff48e49b398a848f08e55daed8eb6a0ea1839ae53bc57583
#7 resolve docker.io/library/node:26.5.0-slim@sha256:715e55e4b84e4bb0ff48e49b398a848f08e55daed8eb6a0ea1839ae53bc57583 done
#7 DONE 0.0s

#8 [web internal] load build context
#8 transferring context: 579.38kB 0.0s done
#8 DONE 0.0s

#9 [api build 3/8] WORKDIR /app
#9 CACHED

#10 [api build 2/8] RUN npm install -g pnpm@11.17.0
#10 CACHED

#11 [api build 4/8] COPY package.json pnpm-lock.yaml pnpm-workspace.yaml ./
#11 CACHED

#12 [api build 5/8] COPY patches ./patches
#12 CACHED

#13 [api build 6/8] RUN pnpm install --frozen-lockfile
#13 CACHED

#14 [web build 7/8] COPY . .
#14 DONE 0.1s

#15 [api build 8/8] RUN pnpm build
#15 0.515 ✓ Lockfile passes supply-chain policies (verified 4d ago)
#15 0.518 Lockfile is up to date, resolution step is skipped
#15 0.556 Already up to date
#15 0.778 
#15 0.778    ╭─────────────────────────────────────────╮
#15 0.778    │                                         │
#15 0.778    │   Update available! 11.17.0 → 12.4.1.   │
#15 0.778    │   Changelog: https://pnpm.io/v/12.4.1   │
#15 0.778    │    To update, run: pnpm add -g pnpm     │
#15 0.778    │                                         │
#15 0.778    ╰─────────────────────────────────────────╯
#15 0.778 
#15 0.841 
#15 0.866 Done in 567ms using pnpm v11.17.0
#15 0.874 $ tsc -b && vite build && tsc -p tsconfig.server.build.json
#15 6.199 vite v8.2.2 building client environment for production...
#15 6.203 transforming...
#15 6.267 ✓ 335 modules transformed.
#15 6.302 rendering chunks...
#15 6.367 computing gzip size...
#15 6.374 dist/client/index.html                                                     0.56 kB │ gzip:   0.33 kB
#15 6.374 dist/client/assets/archivo-vietnamese-600-normal-anCjMumA.woff2            5.19 kB
#15 6.374 dist/client/assets/newsreader-vietnamese-500-normal-CL6a8tp2.woff2         5.43 kB
#15 6.374 dist/client/assets/ibm-plex-mono-vietnamese-500-normal-C8zxqsMH.woff       5.61 kB
#15 6.374 dist/client/assets/ibm-plex-mono-vietnamese-400-normal-DDuiU_S-.woff       5.62 kB
#15 6.374 dist/client/assets/archivo-vietnamese-500-normal-k0drYPZA.woff2            5.65 kB
#15 6.374 dist/client/assets/archivo-vietnamese-400-normal-BF4g3tCF.woff2            5.67 kB
#15 6.374 dist/client/assets/ibm-plex-mono-vietnamese-600-normal-iLQfcSjf.woff       5.71 kB
#15 6.374 dist/client/assets/ibm-plex-mono-cyrillic-ext-500-normal-BIfNGwUT.woff     5.77 kB
#15 6.374 dist/client/assets/ibm-plex-mono-cyrillic-ext-600-normal-9HEixskS.woff     5.79 kB
#15 6.374 dist/client/assets/ibm-plex-mono-cyrillic-ext-400-normal-DMdlQ8Kv.woff     5.82 kB
#15 6.374 dist/client/assets/ibm-plex-mono-vietnamese-400-normal-BulugwFq.woff2      5.86 kB
#15 6.374 dist/client/assets/ibm-plex-mono-vietnamese-500-normal-DZ4AoWbu.woff2      6.04 kB
#15 6.374 dist/client/assets/ibm-plex-mono-cyrillic-ext-400-normal-xuaO2J-f.woff2    6.91 kB
#15 6.374 dist/client/assets/ibm-plex-mono-vietnamese-600-normal-D2EvbN8M.woff2      6.93 kB
#15 6.374 dist/client/assets/ibm-plex-mono-cyrillic-ext-500-normal-BqneJy0T.woff2    6.97 kB
#15 6.374 dist/client/assets/newsreader-vietnamese-500-normal-BEAbKU8A.woff          7.03 kB
#15 6.374 dist/client/assets/ibm-plex-mono-cyrillic-400-normal-CEL4l2ZJ.woff         7.20 kB
#15 6.374 dist/client/assets/ibm-plex-mono-cyrillic-500-normal-Ael50iVv.woff         7.20 kB
#15 6.374 dist/client/assets/ibm-plex-mono-cyrillic-600-normal-fLZuRloM.woff         7.26 kB
#15 6.374 dist/client/assets/archivo-vietnamese-600-normal-C8xBVdfP.woff             7.38 kB
#15 6.374 dist/client/assets/archivo-vietnamese-500-normal-7W3lD2kQ.woff             7.66 kB
#15 6.374 dist/client/assets/archivo-vietnamese-400-normal-FGOLYM1a.woff             7.68 kB
#15 6.374 dist/client/assets/ibm-plex-mono-cyrillic-ext-600-normal-V-xxqcpd.woff2    7.69 kB
#15 6.374 dist/client/assets/ibm-plex-mono-cyrillic-400-normal-BSMlKf0J.woff2        8.35 kB
#15 6.374 dist/client/assets/ibm-plex-mono-cyrillic-500-normal-Bq9vWWag.woff2        8.46 kB
#15 6.374 dist/client/assets/ibm-plex-mono-cyrillic-600-normal-CTOM6hUh.woff2        9.35 kB
#15 6.374 dist/client/assets/ibm-plex-mono-latin-ext-400-normal-D3D2R8hC.woff       11.76 kB
#15 6.374 dist/client/assets/ibm-plex-mono-latin-ext-500-normal-CZ70TYgx.woff       11.76 kB
#15 6.374 dist/client/assets/ibm-plex-mono-latin-ext-600-normal-DmB0ttJJ.woff       11.83 kB
#15 6.374 dist/client/assets/archivo-latin-ext-600-normal-Dm61iqcg.woff2            12.38 kB
#15 6.374 dist/client/assets/archivo-latin-ext-400-normal-B5tPZzqW.woff2            12.92 kB
#15 6.374 dist/client/assets/ibm-plex-mono-latin-400-normal-CvHOgSBP.woff           13.14 kB
#15 6.374 dist/client/assets/ibm-plex-mono-latin-500-normal-CB9ihrfo.woff           13.15 kB
#15 6.374 dist/client/assets/archivo-latin-ext-500-normal-RFhg4CpD.woff2            13.16 kB
#15 6.374 dist/client/assets/ibm-plex-mono-latin-600-normal-DWFSQ4vo.woff           13.20 kB
#15 6.374 dist/client/assets/ibm-plex-mono-latin-ext-400-normal-BmRBH3aV.woff2      13.34 kB
#15 6.374 dist/client/assets/ibm-plex-mono-latin-ext-500-normal-CAhNIIs5.woff2      13.43 kB
#15 6.374 dist/client/assets/archivo-latin-600-normal-3BBy0ZsW.woff2                13.82 kB
#15 6.374 dist/client/assets/ibm-plex-mono-latin-ext-600-normal-D38SheWl.woff2      14.32 kB
#15 6.374 dist/client/assets/archivo-latin-500-normal-CGugC8dq.woff2                14.60 kB
#15 6.374 dist/client/assets/archivo-latin-400-normal-C81ewxNO.woff2                14.70 kB
#15 6.374 dist/client/assets/ibm-plex-mono-latin-400-normal-DMJ8VG8y.woff2          14.70 kB
#15 6.374 dist/client/assets/ibm-plex-mono-latin-500-normal-DSY6xOcd.woff2          14.88 kB
#15 6.374 dist/client/assets/newsreader-latin-ext-500-normal-BNHmvKvI.woff2         15.06 kB
#15 6.374 dist/client/assets/ibm-plex-mono-latin-600-normal-BgSNZQsw.woff2          15.62 kB
#15 6.374 dist/client/assets/archivo-latin-ext-600-normal-D7uErJuz.woff             17.72 kB
#15 6.374 dist/client/assets/archivo-latin-ext-400-normal-DrmqtLj6.woff             17.98 kB
#15 6.374 dist/client/assets/archivo-latin-600-normal-DwYieO8P.woff                 18.20 kB
#15 6.374 dist/client/assets/archivo-latin-ext-500-normal-D7mXw3Kz.woff             18.29 kB
#15 6.374 dist/client/assets/archivo-latin-400-normal-Bl602Mgc.woff                 18.97 kB
#15 6.374 dist/client/assets/archivo-latin-500-normal-pkzA7jw9.woff                 18.98 kB
#15 6.374 dist/client/assets/newsreader-latin-ext-500-normal-CZruMFou.woff          19.29 kB
#15 6.374 dist/client/assets/newsreader-latin-500-normal-B66TYsaK.woff2             23.62 kB
#15 6.374 dist/client/assets/newsreader-latin-500-normal-DFwuUcdu.woff              29.63 kB
#15 6.374 dist/client/assets/index-NeajD2YL.css                                    119.83 kB │ gzip:  17.95 kB
#15 6.374 dist/client/assets/webAuth-Ch6J0S-C.js                                     0.07 kB │ gzip:   0.08 kB
#15 6.374 dist/client/assets/appleAuth-C-55XkHU.js                                   0.08 kB │ gzip:   0.09 kB
#15 6.374 dist/client/assets/appSettings-BzSsEjTk.js                                 0.11 kB │ gzip:   0.11 kB
#15 6.374 dist/client/assets/keepAwake-a9qSJEBZ.js                                   0.45 kB │ gzip:   0.29 kB
#15 6.374 dist/client/assets/appLifecycle-CauteCGB.js                                0.52 kB │ gzip:   0.34 kB
#15 6.374 dist/client/assets/keyboard-Cx1VmE8N.js                                    0.57 kB │ gzip:   0.37 kB
#15 6.374 dist/client/assets/haptics-fiwEg8xQ.js                                     0.59 kB │ gzip:   0.39 kB
#15 6.374 dist/client/assets/native-BUWqcb5a.js                                      0.72 kB │ gzip:   0.33 kB
#15 6.374 dist/client/assets/web-LwJT7JL3.js                                         0.76 kB │ gzip:   0.38 kB
#15 6.374 dist/client/assets/web-szr0shcW.js                                         0.77 kB │ gzip:   0.35 kB
#15 6.374 dist/client/assets/web-B9dskbiE.js                                         0.84 kB │ gzip:   0.40 kB
#15 6.374 dist/client/assets/web-BaPbpaPh.js                                         0.92 kB │ gzip:   0.46 kB
#15 6.374 dist/client/assets/web-DbKzwR46.js                                         1.15 kB │ gzip:   0.46 kB
#15 6.374 dist/client/assets/session-DWANdAg8.js                                     1.39 kB │ gzip:   0.62 kB
#15 6.374 dist/client/assets/base-BZrsY4BR.js                                        2.53 kB │ gzip:   0.92 kB
#15 6.374 dist/client/assets/nfc-DdNqnhcN.js                                         3.11 kB │ gzip:   1.31 kB
#15 6.374 dist/client/assets/capacitorBle-B1q2nPyD.js                                6.67 kB │ gzip:   2.63 kB
#15 6.374 dist/client/assets/web-BPJ9-knX.js                                         7.67 kB │ gzip:   2.24 kB
#15 6.374 dist/client/assets/dist-Dhrj-3P3.js                                        7.75 kB │ gzip:   3.09 kB
#15 6.374 dist/client/assets/esm-DDr1MVpf.js                                         8.63 kB │ gzip:   2.42 kB
#15 6.374 dist/client/assets/web-CbKRL1B6.js                                        13.30 kB │ gzip:   3.94 kB
#15 6.374 dist/client/assets/signin-vEuei5IF.js                                     45.90 kB │ gzip:  11.70 kB
#15 6.374 dist/client/assets/index-DGJCczes.js                                     736.72 kB │ gzip: 222.46 kB
#15 6.374 
#15 6.374 [plugin builtin:vite-reporter] 
#15 6.374 (!) Some chunks are larger than 500 kB after minification. Consider:
#15 6.374 - Using dynamic import() to code-split the application
#15 6.374 - Use build.rolldownOptions.output.codeSplitting to improve chunking: https://rolldown.rs/reference/OutputOptions.codeSplitting
#15 6.374 - Adjust chunk size limit for this warning via build.chunkSizeWarningLimit.
#15 6.375 ✓ built in 175ms
#15 ...

#16 [web build 8/8] RUN pnpm build
#16 0.508 ✓ Lockfile passes supply-chain policies (verified 4d ago)
#16 0.512 Lockfile is up to date, resolution step is skipped
#16 0.552 Already up to date
#16 0.762 
#16 0.762    ╭─────────────────────────────────────────╮
#16 0.762    │                                         │
#16 0.762    │   Update available! 11.17.0 → 12.4.1.   │
#16 0.762    │   Changelog: https://pnpm.io/v/12.4.1   │
#16 0.762    │    To update, run: pnpm add -g pnpm     │
#16 0.762    │                                         │
#16 0.762    ╰─────────────────────────────────────────╯
#16 0.762 
#16 0.835 
#16 0.859 Done in 563ms using pnpm v11.17.0
#16 0.868 $ tsc -b && vite build && tsc -p tsconfig.server.build.json
#16 6.203 vite v8.2.2 building client environment for production...
#16 6.206 transforming...
#16 6.273 ✓ 341 modules transformed.
#16 6.306 rendering chunks...
#16 6.380 computing gzip size...
#16 6.386 dist/client/index.html                                                     0.56 kB │ gzip:   0.33 kB
#16 6.386 dist/client/assets/archivo-vietnamese-600-normal-anCjMumA.woff2            5.19 kB
#16 6.386 dist/client/assets/newsreader-vietnamese-500-normal-CL6a8tp2.woff2         5.43 kB
#16 6.386 dist/client/assets/ibm-plex-mono-vietnamese-500-normal-C8zxqsMH.woff       5.61 kB
#16 6.386 dist/client/assets/ibm-plex-mono-vietnamese-400-normal-DDuiU_S-.woff       5.62 kB
#16 6.386 dist/client/assets/archivo-vietnamese-500-normal-k0drYPZA.woff2            5.65 kB
#16 6.386 dist/client/assets/archivo-vietnamese-400-normal-BF4g3tCF.woff2            5.67 kB
#16 6.386 dist/client/assets/ibm-plex-mono-vietnamese-600-normal-iLQfcSjf.woff       5.71 kB
#16 6.386 dist/client/assets/ibm-plex-mono-cyrillic-ext-500-normal-BIfNGwUT.woff     5.77 kB
#16 6.386 dist/client/assets/ibm-plex-mono-cyrillic-ext-600-normal-9HEixskS.woff     5.79 kB
#16 6.386 dist/client/assets/ibm-plex-mono-cyrillic-ext-400-normal-DMdlQ8Kv.woff     5.82 kB
#16 6.386 dist/client/assets/ibm-plex-mono-vietnamese-400-normal-BulugwFq.woff2      5.86 kB
#16 6.386 dist/client/assets/ibm-plex-mono-vietnamese-500-normal-DZ4AoWbu.woff2      6.04 kB
#16 6.386 dist/client/assets/ibm-plex-mono-cyrillic-ext-400-normal-xuaO2J-f.woff2    6.91 kB
#16 6.386 dist/client/assets/ibm-plex-mono-vietnamese-600-normal-D2EvbN8M.woff2      6.93 kB
#16 6.386 dist/client/assets/ibm-plex-mono-cyrillic-ext-500-normal-BqneJy0T.woff2    6.97 kB
#16 6.386 dist/client/assets/newsreader-vietnamese-500-normal-BEAbKU8A.woff          7.03 kB
#16 6.386 dist/client/assets/ibm-plex-mono-cyrillic-400-normal-CEL4l2ZJ.woff         7.20 kB
#16 6.386 dist/client/assets/ibm-plex-mono-cyrillic-500-normal-Ael50iVv.woff         7.20 kB
#16 6.386 dist/client/assets/ibm-plex-mono-cyrillic-600-normal-fLZuRloM.woff         7.26 kB
#16 6.386 dist/client/assets/archivo-vietnamese-600-normal-C8xBVdfP.woff             7.38 kB
#16 6.386 dist/client/assets/archivo-vietnamese-500-normal-7W3lD2kQ.woff             7.66 kB
#16 6.386 dist/client/assets/archivo-vietnamese-400-normal-FGOLYM1a.woff             7.68 kB
#16 6.386 dist/client/assets/ibm-plex-mono-cyrillic-ext-600-normal-V-xxqcpd.woff2    7.69 kB
#16 6.386 dist/client/assets/ibm-plex-mono-cyrillic-400-normal-BSMlKf0J.woff2        8.35 kB
#16 6.386 dist/client/assets/ibm-plex-mono-cyrillic-500-normal-Bq9vWWag.woff2        8.46 kB
#16 6.386 dist/client/assets/ibm-plex-mono-cyrillic-600-normal-CTOM6hUh.woff2        9.35 kB
#16 6.386 dist/client/assets/ibm-plex-mono-latin-ext-400-normal-D3D2R8hC.woff       11.76 kB
#16 6.386 dist/client/assets/ibm-plex-mono-latin-ext-500-normal-CZ70TYgx.woff       11.76 kB
#16 6.386 dist/client/assets/ibm-plex-mono-latin-ext-600-normal-DmB0ttJJ.woff       11.83 kB
#16 6.386 dist/client/assets/archivo-latin-ext-600-normal-Dm61iqcg.woff2            12.38 kB
#16 6.386 dist/client/assets/archivo-latin-ext-400-normal-B5tPZzqW.woff2            12.92 kB
#16 6.386 dist/client/assets/ibm-plex-mono-latin-400-normal-CvHOgSBP.woff           13.14 kB
#16 6.386 dist/client/assets/ibm-plex-mono-latin-500-normal-CB9ihrfo.woff           13.15 kB
#16 6.386 dist/client/assets/archivo-latin-ext-500-normal-RFhg4CpD.woff2            13.16 kB
#16 6.386 dist/client/assets/ibm-plex-mono-latin-600-normal-DWFSQ4vo.woff           13.20 kB
#16 6.386 dist/client/assets/ibm-plex-mono-latin-ext-400-normal-BmRBH3aV.woff2      13.34 kB
#16 6.386 dist/client/assets/ibm-plex-mono-latin-ext-500-normal-CAhNIIs5.woff2      13.43 kB
#16 6.386 dist/client/assets/archivo-latin-600-normal-3BBy0ZsW.woff2                13.82 kB
#16 6.386 dist/client/assets/ibm-plex-mono-latin-ext-600-normal-D38SheWl.woff2      14.32 kB
#16 6.386 dist/client/assets/archivo-latin-500-normal-CGugC8dq.woff2                14.60 kB
#16 6.386 dist/client/assets/archivo-latin-400-normal-C81ewxNO.woff2                14.70 kB
#16 6.386 dist/client/assets/ibm-plex-mono-latin-400-normal-DMJ8VG8y.woff2          14.70 kB
#16 6.386 dist/client/assets/ibm-plex-mono-latin-500-normal-DSY6xOcd.woff2          14.88 kB
#16 6.386 dist/client/assets/newsreader-latin-ext-500-normal-BNHmvKvI.woff2         15.06 kB
#16 6.386 dist/client/assets/ibm-plex-mono-latin-600-normal-BgSNZQsw.woff2          15.62 kB
#16 6.386 dist/client/assets/archivo-latin-ext-600-normal-D7uErJuz.woff             17.72 kB
#16 6.386 dist/client/assets/archivo-latin-ext-400-normal-DrmqtLj6.woff             17.98 kB
#16 6.386 dist/client/assets/archivo-latin-600-normal-DwYieO8P.woff                 18.20 kB
#16 6.386 dist/client/assets/archivo-latin-ext-500-normal-D7mXw3Kz.woff             18.29 kB
#16 6.386 dist/client/assets/archivo-latin-400-normal-Bl602Mgc.woff                 18.97 kB
#16 6.386 dist/client/assets/archivo-latin-500-normal-pkzA7jw9.woff                 18.98 kB
#16 6.386 dist/client/assets/newsreader-latin-ext-500-normal-CZruMFou.woff          19.29 kB
#16 6.386 dist/client/assets/newsreader-latin-500-normal-B66TYsaK.woff2             23.62 kB
#16 6.386 dist/client/assets/newsreader-latin-500-normal-DFwuUcdu.woff              29.63 kB
#16 6.386 dist/client/assets/index-NeajD2YL.css                                    119.83 kB │ gzip:  17.95 kB
#16 6.386 dist/client/assets/webAuth-Ch6J0S-C.js                                     0.07 kB │ gzip:   0.08 kB
#16 6.386 dist/client/assets/appleAuth-C-55XkHU.js                                   0.08 kB │ gzip:   0.09 kB
#16 6.386 dist/client/assets/appSettings-Cgb9TjqM.js                                 0.11 kB │ gzip:   0.11 kB
#16 6.386 dist/client/assets/keepAwake-BMrDQTxh.js                                   0.45 kB │ gzip:   0.29 kB
#16 6.386 dist/client/assets/appLifecycle-CMMg03e8.js                                0.52 kB │ gzip:   0.33 kB
#16 6.386 dist/client/assets/keyboard-Cx1VmE8N.js                                    0.57 kB │ gzip:   0.37 kB
#16 6.386 dist/client/assets/haptics-4-8kzNqy.js                                     0.59 kB │ gzip:   0.39 kB
#16 6.386 dist/client/assets/native-Bgy5Te_2.js                                      0.72 kB │ gzip:   0.33 kB
#16 6.386 dist/client/assets/web-BDAKThaG.js                                         0.76 kB │ gzip:   0.38 kB
#16 6.386 dist/client/assets/web-szr0shcW.js                                         0.77 kB │ gzip:   0.35 kB
#16 6.386 dist/client/assets/nfcBridge-BxkFL8oB.js                                   0.79 kB │ gzip:   0.37 kB
#16 6.386 dist/client/assets/web-B9dskbiE.js                                         0.84 kB │ gzip:   0.40 kB
#16 6.386 dist/client/assets/web-D8IuJnlG.js                                         0.92 kB │ gzip:   0.47 kB
#16 6.386 dist/client/assets/web-DbKzwR46.js                                         1.15 kB │ gzip:   0.46 kB
#16 6.386 dist/client/assets/scriptedNfcReader-DkFrr1w6.js                           1.20 kB │ gzip:   0.66 kB
#16 6.386 dist/client/assets/session-D6YzfCp7.js                                     1.39 kB │ gzip:   0.62 kB
#16 6.386 dist/client/assets/holdOpen-Cib4LPYk.js                                    1.82 kB │ gzip:   0.86 kB
#16 6.386 dist/client/assets/JustRowObserver-uGDNQVYx.js                             2.30 kB │ gzip:   0.94 kB
#16 6.386 dist/client/assets/nfc-DLubrSli.js                                         2.37 kB │ gzip:   1.08 kB
#16 6.386 dist/client/assets/recording-D39LW-fT.js                                   2.39 kB │ gzip:   1.14 kB
#16 6.386 dist/client/assets/base-c0ePVABQ.js                                        2.53 kB │ gzip:   0.92 kB
#16 6.386 dist/client/assets/capacitorBle-D0ndNNmj.js                                6.67 kB │ gzip:   2.64 kB
#16 6.386 dist/client/assets/web-CHebBdrW.js                                         7.67 kB │ gzip:   2.24 kB
#16 6.386 dist/client/assets/dist-Dhrj-3P3.js                                        7.75 kB │ gzip:   3.09 kB
#16 6.386 dist/client/assets/esm-BSYuWF12.js                                         8.63 kB │ gzip:   2.42 kB
#16 6.386 dist/client/assets/web-DHCZzCh8.js                                        13.30 kB │ gzip:   3.94 kB
#16 6.386 dist/client/assets/fake-CV5Eydd8.js                                       14.75 kB │ gzip:   5.09 kB
#16 6.386 dist/client/assets/signin-DaJPzAna.js                                     45.90 kB │ gzip:  11.70 kB
#16 6.386 dist/client/assets/index-DaeoTSmZ.js                                     739.43 kB │ gzip: 223.44 kB
#16 6.386 
#16 6.386 [plugin builtin:vite-reporter] 
#16 6.386 (!) Some chunks are larger than 500 kB after minification. Consider:
#16 6.386 - Using dynamic import() to code-split the application
#16 6.386 - Use build.rolldownOptions.output.codeSplitting to improve chunking: https://rolldown.rs/reference/OutputOptions.codeSplitting
#16 6.386 - Adjust chunk size limit for this warning via build.chunkSizeWarningLimit.
#16 6.387 ✓ built in 184ms
#16 DONE 7.6s

#15 [api build 8/8] RUN pnpm build
#15 DONE 7.6s

#17 [web web 2/3] COPY nginx.conf /etc/nginx/conf.d/default.conf
#17 CACHED

#18 [web web 3/3] COPY --from=build /app/dist/client /usr/share/nginx/html
#18 CACHED

#19 [web] exporting to image
#19 exporting layers done
#19 exporting manifest sha256:2a3426986cd955b58191df666c6d397ccd53ca244d2cd0cd1a7494d89add5d28 done
#19 exporting config sha256:50b9c24f2f9583e35cd838f4680a52e0ff9d80051bdd48e7619c448b05fc97be done
#19 exporting attestation manifest sha256:14e068aabd08a5f77580d8d2ef9920de18893c79a37f5186800ce91902cb30f6 done
#19 exporting manifest list sha256:00c73f180080cfbf2eed33cfb30aeea87374636f8095acfa435d4e87ac165bd0 done
#19 naming to docker.io/library/ergomatic-62230-web:latest done
#19 unpacking to docker.io/library/ergomatic-62230-web:latest 0.0s done
#19 DONE 0.1s

#20 [web] resolving provenance for metadata file
#20 DONE 0.0s

#21 [api api 6/8] RUN pnpm install --frozen-lockfile --prod
#21 CACHED

#22 [api api 7/8] COPY --from=build /app/dist/server ./dist/server
#22 CACHED

#23 [api api 8/8] COPY --from=build /app/drizzle ./drizzle
#23 CACHED

#24 [api] exporting to image
#24 exporting layers done
#24 exporting manifest sha256:4a2f14c9152501ad49e9b9f19fede27aab1d897c58016259cbd873ed580581b5 done
#24 exporting config sha256:cc6dd2b967dcf76a87aff0a50646dd552dd40db3a2572716b629d2454497e34d done
#24 exporting attestation manifest sha256:9f751ffec51867e70d9438cdb0d7537b4e5163d635d64a9c51e1bc0e1bb50f11 done
#24 exporting manifest list sha256:605efff5e42f24ab91baf124bf66d024add9d59ce38d4f11e456e7e16e523434 done
#24 naming to docker.io/library/ergomatic-62230-api:latest done
#24 unpacking to docker.io/library/ergomatic-62230-api:latest done
#24 DONE 0.1s

#25 [api] resolving provenance for metadata file
#25 DONE 0.0s
 Image ergomatic-62230-api Built 
 Image ergomatic-62230-web Built 
 Network ergomatic-62230_default Creating 
 Network ergomatic-62230_default Created 
 Container ergomatic-62230-postgres Creating 
 Container ergomatic-62230-postgres Created 
 Container ergomatic-62230-api Creating 
 Container ergomatic-62230-api Created 
 Container ergomatic-62230-web Creating 
 Container ergomatic-62230-web Created 
 Container ergomatic-62230-postgres Starting 
 Container ergomatic-62230-postgres Started 
 Container ergomatic-62230-postgres Waiting 
 Container ergomatic-62230-postgres Healthy 
 Container ergomatic-62230-api Starting 
 Container ergomatic-62230-api Started 
 Container ergomatic-62230-api Waiting 
 Container ergomatic-62230-api Healthy 
 Container ergomatic-62230-web Starting 
 Container ergomatic-62230-web Started 
 Container ergomatic-62230-postgres Waiting 
 Container ergomatic-62230-api Waiting 
 Container ergomatic-62230-web Waiting 
 Container ergomatic-62230-api Healthy 
 Container ergomatic-62230-postgres Healthy 
 Container ergomatic-62230-web Healthy 

Running 1 test using 1 worker

(node:44583) Warning: The 'NO_COLOR' env is ignored due to the 'FORCE_COLOR' env being set.
(Use `node --trace-warnings ...` to show where the warning was created)


[1/1] [chromium] › e2e/appleAuth.spec.ts:281:1 › a cancelled link return sends the rower to You once and releases ordinary navigation
  1 passed (966ms)
time="2026-09-13T02:10:22-04:00" level=warning msg="The \"CLOUDFLARE_TUNNEL_TOKEN\" variable is not set. Defaulting to a blank string."
 Container ergomatic-62230-web Stopping 
 Container ergomatic-62230-web Stopped 
 Container ergomatic-62230-web Removing 
 Container ergomatic-62230-web Removed 
 Container ergomatic-62230-api Stopping 
 Container ergomatic-62230-api Stopped 
 Container ergomatic-62230-api Removing 
 Container ergomatic-62230-api Removed 
 Container ergomatic-62230-postgres Stopping 
 Container ergomatic-62230-postgres Stopped 
 Container ergomatic-62230-postgres Removing 
 Container ergomatic-62230-postgres Removed 
 Network ergomatic-62230_default Removing 
 Network ergomatic-62230_default Removed 
