{
  "deadlock": {
    "waits": [
      {
        "pid": 136,
        "application_name": "",
        "wait_event_type": "Lock",
        "wait_event": "transactionid",
        "query": "SELECT id,user_id AS \"userId\" FROM sessions WHERE id=$1 AND expires_at>now() FOR UPDATE"
      }
    ],
    "result": [
      {
        "ok": true,
        "stage": "reauth_exchanging"
      },
      {
        "ok": true,
        "id": "c3240601-6ec6-499e-be51-4e0aef21aa20"
      }
    ],
    "elapsedMs": 12.430875000000015
  }
}
